Archive member included because of file (symbol)

D:\SpaceMaster\1_Semester\Floatsat\Programming\Eclipse Luna SR1 121\Workspace\rodos\Debug_STM32F4\librodos.a(application.o)
                              ./Template.o (RODOS::Application::Application(char const*, long))
D:\SpaceMaster\1_Semester\Floatsat\Programming\Eclipse Luna SR1 121\Workspace\rodos\Debug_STM32F4\librodos.a(debug.o)
                              ./Template.o (RODOS::PRINTF(char const*, ...))
D:\SpaceMaster\1_Semester\Floatsat\Programming\Eclipse Luna SR1 121\Workspace\rodos\Debug_STM32F4\librodos.a(listelement.o)
                              D:\SpaceMaster\1_Semester\Floatsat\Programming\Eclipse Luna SR1 121\Workspace\rodos\Debug_STM32F4\librodos.a(application.o) (RODOS::ListElement::ListElement(RODOS::ListElement*&, char const*, void*))
D:\SpaceMaster\1_Semester\Floatsat\Programming\Eclipse Luna SR1 121\Workspace\rodos\Debug_STM32F4\librodos.a(printfverbosity.o)
                              D:\SpaceMaster\1_Semester\Floatsat\Programming\Eclipse Luna SR1 121\Workspace\rodos\Debug_STM32F4\librodos.a(debug.o) (printfVerbosity)
D:\SpaceMaster\1_Semester\Floatsat\Programming\Eclipse Luna SR1 121\Workspace\rodos\Debug_STM32F4\librodos.a(string_pico.o)
                              ./Template.o (strlen)
D:\SpaceMaster\1_Semester\Floatsat\Programming\Eclipse Luna SR1 121\Workspace\rodos\Debug_STM32F4\librodos.a(subscriber.o)
                              ./Template.o (vtable for RODOS::Subscriber)
D:\SpaceMaster\1_Semester\Floatsat\Programming\Eclipse Luna SR1 121\Workspace\rodos\Debug_STM32F4\librodos.a(timemodel.o)
                              ./Template.o (RODOS::TimeModel::getNanoseconds())
D:\SpaceMaster\1_Semester\Floatsat\Programming\Eclipse Luna SR1 121\Workspace\rodos\Debug_STM32F4\librodos.a(topic.o)
                              ./Template.o (RODOS::TopicInterface::TopicInterface(long, long, char const*))
D:\SpaceMaster\1_Semester\Floatsat\Programming\Eclipse Luna SR1 121\Workspace\rodos\Debug_STM32F4\librodos.a(yprintf.o)
                              D:\SpaceMaster\1_Semester\Floatsat\Programming\Eclipse Luna SR1 121\Workspace\rodos\Debug_STM32F4\librodos.a(debug.o) (RODOS::Yprintf::vaprintf(char const*))
D:\SpaceMaster\1_Semester\Floatsat\Programming\Eclipse Luna SR1 121\Workspace\rodos\Debug_STM32F4\librodos.a(call_constructors.o)
                              ./Template.o (__dso_handle)
D:\SpaceMaster\1_Semester\Floatsat\Programming\Eclipse Luna SR1 121\Workspace\rodos\Debug_STM32F4\librodos.a(startup_stm32f4xx.o)
                              (Reset_Handler)
D:\SpaceMaster\1_Semester\Floatsat\Programming\Eclipse Luna SR1 121\Workspace\rodos\Debug_STM32F4\librodos.a(hal_gpio.o)
                              ./Template.o (RODOS::HAL_GPIO::HAL_GPIO(RODOS::GPIO_PIN))
D:\SpaceMaster\1_Semester\Floatsat\Programming\Eclipse Luna SR1 121\Workspace\rodos\Debug_STM32F4\librodos.a(hal_spi.o)
                              ./Template.o (RODOS::HAL_SPI::HAL_SPI(RODOS::SPI_IDX))
D:\SpaceMaster\1_Semester\Floatsat\Programming\Eclipse Luna SR1 121\Workspace\rodos\Debug_STM32F4\librodos.a(hal_uart.o)
                              ./Template.o (RODOS::HAL_UART::HAL_UART(RODOS::UART_IDX))
D:\SpaceMaster\1_Semester\Floatsat\Programming\Eclipse Luna SR1 121\Workspace\rodos\Debug_STM32F4\librodos.a(stm32f4xx_dma.o)
                              D:\SpaceMaster\1_Semester\Floatsat\Programming\Eclipse Luna SR1 121\Workspace\rodos\Debug_STM32F4\librodos.a(hal_spi.o) (DMA_Init)
D:\SpaceMaster\1_Semester\Floatsat\Programming\Eclipse Luna SR1 121\Workspace\rodos\Debug_STM32F4\librodos.a(stm32f4xx_gpio.o)
                              D:\SpaceMaster\1_Semester\Floatsat\Programming\Eclipse Luna SR1 121\Workspace\rodos\Debug_STM32F4\librodos.a(hal_gpio.o) (GPIO_Init)
D:\SpaceMaster\1_Semester\Floatsat\Programming\Eclipse Luna SR1 121\Workspace\rodos\Debug_STM32F4\librodos.a(stm32f4xx_rcc.o)
                              D:\SpaceMaster\1_Semester\Floatsat\Programming\Eclipse Luna SR1 121\Workspace\rodos\Debug_STM32F4\librodos.a(hal_spi.o) (RCC_GetClocksFreq)
D:\SpaceMaster\1_Semester\Floatsat\Programming\Eclipse Luna SR1 121\Workspace\rodos\Debug_STM32F4\librodos.a(stm32f4xx_spi.o)
                              D:\SpaceMaster\1_Semester\Floatsat\Programming\Eclipse Luna SR1 121\Workspace\rodos\Debug_STM32F4\librodos.a(hal_spi.o) (SPI_Init)
D:\SpaceMaster\1_Semester\Floatsat\Programming\Eclipse Luna SR1 121\Workspace\rodos\Debug_STM32F4\librodos.a(stm32f4xx_syscfg.o)
                              D:\SpaceMaster\1_Semester\Floatsat\Programming\Eclipse Luna SR1 121\Workspace\rodos\Debug_STM32F4\librodos.a(hal_gpio.o) (SYSCFG_EXTILineConfig)
D:\SpaceMaster\1_Semester\Floatsat\Programming\Eclipse Luna SR1 121\Workspace\rodos\Debug_STM32F4\librodos.a(stm32f4xx_usart.o)
[...]
Memory Configuration

Name             Origin             Length             Attributes
FLASH            0x08000000         0x00100000         xr
RAM              0x20000000         0x00020000         xrw
CCMRAM           0x10000000         0x00010000         xrw
MEMORY_B1        0x60000000         0x00000000         xr
*default*        0x00000000         0xffffffff

Linker script and memory map

LOAD ./Template.o
LOAD D:\SpaceMaster\1_Semester\Floatsat\Programming\Eclipse Luna SR1 121\Workspace\rodos\Debug_STM32F4\librodos.a
LOAD D:\SpaceMaster\1_Semester\Floatsat\Programming\Eclipse Luna SR1 121\Workspace\support_libs\Debug_STM32F4\libsupport.a
LOAD d:/spacemaster/1_semester/floatsat/programming/eclipse luna sr1 121/gnu tools arm embedded/4.8 2014q3/bin/../lib/gcc/arm-none-eabi/4.8.4/../../../../arm-none-eabi/lib/armv7e-m/softfp\libm.a
                0x20020000                _estack = 0x20020000
                0x00001000                _Min_Heap_Size = 0x1000
                0x00000400                _Min_Stack_Size = 0x400

.isr_vector     0x08000000      0x18c
                0x08000000                . = ALIGN (0x4)
                0x08000000                _image_address = .
 *(.isr_vector)
 .isr_vector    0x08000000      0x18c D:\SpaceMaster\1_Semester\Floatsat\Programming\Eclipse Luna SR1 121\Workspace\rodos\Debug_STM32F4\librodos.a(startup_stm32f4xx.o)
                0x08000000                g_pfnVectors
                0x0800018c                . = ALIGN (0x4)

.text           0x08000190     0xdbbc
                0x08000190                . = ALIGN (0x4)
 *(.text)
 .text          0x08000190      0x370 d:/spacemaster/1_semester/floatsat/programming/eclipse luna sr1 121/gnu tools arm embedded/4.8 2014q3/bin/../lib/gcc/arm-none-eabi/4.8.4/armv7e-m/softfp\libgcc.a(_arm_addsubdf3.o)
                0x08000190                __aeabi_drsub
                0x08000198                __aeabi_dsub
                0x08000198                __subdf3
                0x0800019c                __aeabi_dadd
                0x0800019c                __adddf3
                0x08000414                __floatunsidf
                0x08000414                __aeabi_ui2d
                0x08000434                __floatsidf
                0x08000434                __aeabi_i2d
                0x08000458                __aeabi_f2d
                0x08000458                __extendsfdf2
                0x08000494                __floatundidf
                0x08000494                __aeabi_ul2d
                0x080004a4                __floatdidf
                0x080004a4                __aeabi_l2d
 .text          0x08000500      0x424 d:/spacemaster/1_semester/floatsat/programming/eclipse luna sr1 121/gnu tools arm embedded/4.8 2014q3/bin/../lib/gcc/arm-none-eabi/4.8.4/armv7e-m/softfp\libgcc.a(_arm_muldivdf3.o)
                0x08000500                __aeabi_dmul
                0x08000500                __muldf3
                0x08000754                __divdf3
                0x08000754                __aeabi_ddiv
 .text          0x08000924      0x110 d:/spacemaster/1_semester/floatsat/programming/eclipse luna sr1 121/gnu tools arm embedded/4.8 2014q3/bin/../lib/gcc/arm-none-eabi/4.8.4/armv7e-m/softfp\libgcc.a(_arm_cmpdf2.o)
                0x08000924                __gtdf2
                0x08000924                __gedf2
                0x0800092c                __ltdf2
                0x0800092c                __ledf2
                0x08000934                __nedf2
                0x08000934                __eqdf2
                0x08000934                __cmpdf2
                0x080009b0                __aeabi_cdrcmple
                0x080009c0                __aeabi_cdcmpeq
                0x080009c0                __aeabi_cdcmple
                0x080009d0                __aeabi_dcmpeq
                0x080009e4                __aeabi_dcmplt
                0x080009f8                __aeabi_dcmple
                0x08000a0c                __aeabi_dcmpge
                0x08000a20                __aeabi_dcmpgt
 .text          0x08000a34       0x50 d:/spacemaster/1_semester/floatsat/programming/eclipse luna sr1 121/gnu tools arm embedded/4.8 2014q3/bin/../lib/gcc/arm-none-eabi/4.8.4/armv7e-m/softfp\libgcc.a(_arm_fixdfsi.o)
                0x08000a34                __aeabi_d2iz
                0x08000a34                __fixdfsi
 .text          0x08000a84       0x40 d:/spacemaster/1_semester/floatsat/programming/eclipse luna sr1 121/gnu tools arm embedded/4.8 2014q3/bin/../lib/gcc/arm-none-eabi/4.8.4/armv7e-m/softfp\libgcc.a(_arm_fixunsdfsi.o)
                0x08000a84                __aeabi_d2uiz
                0x08000a84                __fixunsdfsi
 .text          0x08000ac4       0x38 d:/spacemaster/1_semester/floatsat/programming/eclipse luna sr1 121/gnu tools arm embedded/4.8 2014q3/bin/../lib/gcc/arm-none-eabi/4.8.4/armv7e-m/softfp\libgcc.a(_aeabi_ldivmod.o)
                0x08000ac4                __aeabi_ldivmod
 .text          0x08000afc       0x2c d:/spacemaster/1_semester/floatsat/programming/eclipse luna sr1 121/gnu tools arm embedded/4.8 2014q3/bin/../lib/gcc/arm-none-eabi/4.8.4/armv7e-m/softfp\libgcc.a(_aeabi_uldivmod.o)
                0x08000afc                __aeabi_uldivmod
 .text          0x08000b28       0x30 d:/spacemaster/1_semester/floatsat/programming/eclipse luna sr1 121/gnu tools arm embedded/4.8 2014q3/bin/../lib/gcc/arm-none-eabi/4.8.4/armv7e-m/softfp\libgcc.a(_fixdfdi.o)
                0x08000b28                __fixdfdi
                0x08000b28                __aeabi_d2lz
 .text          0x08000b58       0x44 d:/spacemaster/1_semester/floatsat/programming/eclipse luna sr1 121/gnu tools arm embedded/4.8 2014q3/bin/../lib/gcc/arm-none-eabi/4.8.4/armv7e-m/softfp\libgcc.a(_fixunsdfdi.o)
                0x08000b58                __fixunsdfdi
                0x08000b58                __aeabi_d2ulz
 .text          0x08000b9c       0x60 d:/spacemaster/1_semester/floatsat/programming/eclipse luna sr1 121/gnu tools arm embedded/4.8 2014q3/bin/../lib/gcc/arm-none-eabi/4.8.4/armv7e-m/softfp\libgcc.a(bpabi.o)
                0x08000b9c                __gnu_ldivmod_helper
                0x08000bcc                __gnu_uldivmod_helper
 .text          0x08000bfc        0x4 d:/spacemaster/1_semester/floatsat/programming/eclipse luna sr1 121/gnu tools arm embedded/4.8 2014q3/bin/../lib/gcc/arm-none-eabi/4.8.4/armv7e-m/softfp\libgcc.a(_dvmd_tls.o)
                0x08000bfc                __aeabi_idiv0
                0x08000bfc                __aeabi_ldiv0
 .text          0x08000c00      0x298 d:/spacemaster/1_semester/floatsat/programming/eclipse luna sr1 121/gnu tools arm embedded/4.8 2014q3/bin/../lib/gcc/arm-none-eabi/4.8.4/armv7e-m/softfp\libgcc.a(_divdi3.o)
                0x08000c00                __divdi3
 .text          0x08000e98      0x284 d:/spacemaster/1_semester/floatsat/programming/eclipse luna sr1 121/gnu tools arm embedded/4.8 2014q3/bin/../lib/gcc/arm-none-eabi/4.8.4/armv7e-m/softfp\libgcc.a(_udivdi3.o)
                0x08000e98                __udivdi3
 *(.text*)
 .text._ZN5RODOS14TopicInterfaceD2Ev
                0x0800111c       0x3c ./Template.o
                0x0800111c                RODOS::TopicInterface::~TopicInterface()
                0x0800111c                RODOS::TopicInterface::~TopicInterface()
 .text._ZN5RODOS14TopicInterfaceD0Ev
                0x08001158       0x20 ./Template.o
                0x08001158                RODOS::TopicInterface::~TopicInterface()
 .text._ZN5RODOS10SubscriberD2Ev
                0x08001178       0x3c ./Template.o
                0x08001178                RODOS::Subscriber::~Subscriber()
                0x08001178                RODOS::Subscriber::~Subscriber()
 .text._ZN5RODOS10SubscriberD0Ev
                0x080011b4       0x20 ./Template.o
                0x080011b4                RODOS::Subscriber::~Subscriber()
 .text._ZN5RODOS6PutterD2Ev
                0x080011d4       0x28 ./Template.o
                0x080011d4                RODOS::Putter::~Putter()
                0x080011d4                RODOS::Putter::~Putter()
 .text._ZN5RODOS6PutterD0Ev
                0x080011fc       0x20 ./Template.o
                0x080011fc                RODOS::Putter::~Putter()
 .text._ZN5RODOS6Putter10putGenericEljPKvRKNS_10NetMsgInfoE
                0x0800121c       0x24 ./Template.o
                0x0800121c                RODOS::Putter::putGeneric(long, unsigned int, void const*, RODOS::NetMsgInfo const&)
 .text._ZN9TelemetryC2EPKc
                0x08001240       0x30 ./Template.o
                0x08001240                Telemetry::Telemetry(char const*)
                0x08001240                Telemetry::Telemetry(char const*)
 .text._ZN9Telemetry4initEv
                0x08001270       0x3c ./Template.o
                0x08001270                Telemetry::init()
 *fill*         0x080012ac        0x4 
 .text._ZN9Telemetry3runEv
                0x080012b0       0xc0 ./Template.o
                0x080012b0                Telemetry::run()
 .text._ZN11Testing_IMUC2EPKc
                0x08001370       0x30 ./Template.o
                0x08001370                Testing_IMU::Testing_IMU(char const*)
                0x08001370                Testing_IMU::Testing_IMU(char const*)
 .text._ZN11Testing_IMU4initEv
                0x080013a0       0x3c ./Template.o
                0x080013a0                Testing_IMU::init()
 *fill*         0x080013dc        0x4 
 .text._ZN11Testing_IMU3runEv
                0x080013e0       0xc0 ./Template.o
                0x080013e0                Testing_IMU::run()
 .text._ZN9SensorIMUC2EPKc
                0x080014a0       0x30 ./Template.o
                0x080014a0                SensorIMU::SensorIMU(char const*)
                0x080014a0                SensorIMU::SensorIMU(char const*)
 .text._ZN9SensorIMU4initEv
                0x080014d0       0x4c ./Template.o
                0x080014d0                SensorIMU::init()
 *fill*         0x0800151c        0x4 
 .text._ZN9SensorIMU3runEv
                0x08001520      0x130 ./Template.o
                0x08001520                SensorIMU::run()
 .text._ZN5RODOS5TopicI10SensorDataEC2ElPKc
                0x08001650       0x30 ./Template.o
                0x08001650                RODOS::Topic<SensorData>::Topic(long, char const*)
                0x08001650                RODOS::Topic<SensorData>::Topic(long, char const*)
 .text._ZN5RODOS6PutterC2Ev
                0x08001680       0x20 ./Template.o
                0x08001680                RODOS::Putter::Putter()
                0x08001680                RODOS::Putter::Putter()
 .text._ZN5RODOS10CommBufferI10SensorDataEC2Ev
                0x080016a0       0x5c ./Template.o
                0x080016a0                RODOS::CommBuffer<SensorData>::CommBuffer()
                0x080016a0                RODOS::CommBuffer<SensorData>::CommBuffer()
 .text._ZN9SensorIMUD2Ev
                0x080016fc       0x30 ./Template.o
                0x080016fc                SensorIMU::~SensorIMU()
                0x080016fc                SensorIMU::~SensorIMU()
 .text._ZN9SensorIMUD0Ev
                0x0800172c       0x20 ./Template.o
                0x0800172c                SensorIMU::~SensorIMU()
 .text._ZN11Testing_IMUD2Ev
                0x0800174c       0x30 ./Template.o
                0x0800174c                Testing_IMU::~Testing_IMU()
                0x0800174c                Testing_IMU::~Testing_IMU()
 .text._ZN11Testing_IMUD0Ev
                0x0800177c       0x20 ./Template.o
                0x0800177c                Testing_IMU::~Testing_IMU()
 .text._ZN9TelemetryD2Ev
                0x0800179c       0x30 ./Template.o
                0x0800179c                Telemetry::~Telemetry()
                0x0800179c                Telemetry::~Telemetry()
 .text._ZN9TelemetryD0Ev
                0x080017cc       0x20 ./Template.o
                0x080017cc                Telemetry::~Telemetry()
 .text._ZN5RODOS10CommBufferI10SensorDataED2Ev
                0x080017ec       0x30 ./Template.o
                0x080017ec                RODOS::CommBuffer<SensorData>::~CommBuffer()
                0x080017ec                RODOS::CommBuffer<SensorData>::~CommBuffer()
 .text._ZN5RODOS10CommBufferI10SensorDataED0Ev
                0x0800181c       0x20 ./Template.o
                0x0800181c                RODOS::CommBuffer<SensorData>::~CommBuffer()
 .text._Z41__static_initialization_and_destruction_0ii
                0x0800183c      0x154 ./Template.o
 .text._ZN5RODOS10CommBufferI10SensorDataE10putGenericEljPKvRKNS_10NetMsgInfoE
                0x08001990       0x34 ./Template.o
                0x08001990                RODOS::CommBuffer<SensorData>::putGeneric(long, unsigned int, void const*, RODOS::NetMsgInfo const&)
 .text._ZN5RODOS5TopicI10SensorDataED2Ev
                0x080019c4       0x3c ./Template.o
                0x080019c4                RODOS::Topic<SensorData>::~Topic()
                0x080019c4                RODOS::Topic<SensorData>::~Topic()
 .text._ZN5RODOS5TopicI10SensorDataED0Ev
                0x08001a00       0x20 ./Template.o
                0x08001a00                RODOS::Topic<SensorData>::~Topic()
 .text._ZN5RODOS10CommBufferI10SensorDataE3putERS1_
                0x08001a20       0x58 ./Template.o
                0x08001a20                RODOS::CommBuffer<SensorData>::put(SensorData&)
 .text._GLOBAL__sub_I_bt_uart
                0x08001a78       0x10 ./Template.o
 .text._ZNK5RODOS11ListElement7getNextEv
                0x08001a88       0x18 D:\SpaceMaster\1_Semester\Floatsat\Programming\Eclipse Luna SR1 121\Workspace\rodos\Debug_STM32F4\librodos.a(application.o)
                0x08001a88                RODOS::ListElement::getNext() const
 .text._ZNK5RODOS11ListElement7getNameEv
                0x08001aa0       0x18 D:\SpaceMaster\1_Semester\Floatsat\Programming\Eclipse Luna SR1 121\Workspace\rodos\Debug_STM32F4\librodos.a(application.o)
                0x08001aa0                RODOS::ListElement::getName() const
 .text._ZN5RODOS11Application4initEv
                0x08001ab8       0x14 D:\SpaceMaster\1_Semester\Floatsat\Programming\Eclipse Luna SR1 121\Workspace\rodos\Debug_STM32F4\librodos.a(application.o)
                0x08001ab8                RODOS::Application::init()
 .text._ZN5RODOS11ApplicationC2EPKcl
                0x08001acc       0x40 D:\SpaceMaster\1_Semester\Floatsat\Programming\Eclipse Luna SR1 121\Workspace\rodos\Debug_STM32F4\librodos.a(application.o)
                0x08001acc                RODOS::Application::Application(char const*, long)
                0x08001acc                RODOS::Application::Application(char const*, long)
 .text._ZN5RODOS11ApplicationD2Ev
                0x08001b0c       0x3c D:\SpaceMaster\1_Semester\Floatsat\Programming\Eclipse Luna SR1 121\Workspace\rodos\Debug_STM32F4\librodos.a(application.o)
                0x08001b0c                RODOS::Application::~Application()
                0x08001b0c                RODOS::Application::~Application()
 .text._ZN5RODOS11ApplicationD0Ev
                0x08001b48       0x20 D:\SpaceMaster\1_Semester\Floatsat\Programming\Eclipse Luna SR1 121\Workspace\rodos\Debug_STM32F4\librodos.a(application.o)
                0x08001b48                RODOS::Application::~Application()
 .text._ZN5RODOS11Application8activateEv
                0x08001b68       0x18 D:\SpaceMaster\1_Semester\Floatsat\Programming\Eclipse Luna SR1 121\Workspace\rodos\Debug_STM32F4\librodos.a(application.o)
                0x08001b68                RODOS::Application::activate()
 .text._ZN5RODOS11Application10deactivateEv
                0x08001b80       0x18 D:\SpaceMaster\1_Semester\Floatsat\Programming\Eclipse Luna SR1 121\Workspace\rodos\Debug_STM32F4\librodos.a(application.o)
                0x08001b80                RODOS::Application::deactivate()
 .text._ZN5RODOS11Application7requestEPviS1_i
                0x08001b98       0x20 D:\SpaceMaster\1_Semester\Floatsat\Programming\Eclipse Luna SR1 121\Workspace\rodos\Debug_STM32F4\librodos.a(application.o)
                0x08001b98                RODOS::Application::request(void*, int, void*, int)
 .text._ZN5RODOS11Application17printApplicationsEv
                0x08001bb8       0x64 D:\SpaceMaster\1_Semester\Floatsat\Programming\Eclipse Luna SR1 121\Workspace\rodos\Debug_STM32F4\librodos.a(application.o)
                0x08001bb8                RODOS::Application::printApplications()
 .text._ZN5RODOS7YprintfD2Ev
                0x08001c1c       0x28 D:\SpaceMaster\1_Semester\Floatsat\Programming\Eclipse Luna SR1 121\Workspace\rodos\Debug_STM32F4\librodos.a(debug.o)
                0x08001c1c                RODOS::Yprintf::~Yprintf()
                0x08001c1c                RODOS::Yprintf::~Yprintf()
 .text._ZN5RODOS7YprintfD0Ev
                0x08001c44       0x20 D:\SpaceMaster\1_Semester\Floatsat\Programming\Eclipse Luna SR1 121\Workspace\rodos\Debug_STM32F4\librodos.a(debug.o)
                0x08001c44                RODOS::Yprintf::~Yprintf()
 .text._ZN5RODOS7Yprintf5yputcEc
                0x08001c64       0x1c D:\SpaceMaster\1_Semester\Floatsat\Programming\Eclipse Luna SR1 121\Workspace\rodos\Debug_STM32F4\librodos.a(debug.o)
                0x08001c64                RODOS::Yprintf::yputc(char)
 .text._ZN5RODOS7YprintfC2Ev
                0x08001c80       0x20 D:\SpaceMaster\1_Semester\Floatsat\Programming\Eclipse Luna SR1 121\Workspace\rodos\Debug_STM32F4\librodos.a(debug.o)
                0x08001c80                RODOS::Yprintf::Yprintf()
                0x08001c80                RODOS::Yprintf::Yprintf()
 .text._ZN5RODOS6PRINTFEPKcz
                0x08001ca0       0x8c D:\SpaceMaster\1_Semester\Floatsat\Programming\Eclipse Luna SR1 121\Workspace\rodos\Debug_STM32F4\librodos.a(debug.o)
                0x08001ca0                RODOS::PRINTF(char const*, ...)
 .text._ZN5RODOS5ERROREPKc
                0x08001d2c       0x34 D:\SpaceMaster\1_Semester\Floatsat\Programming\Eclipse Luna SR1 121\Workspace\rodos\Debug_STM32F4\librodos.a(debug.o)
                0x08001d2c                RODOS::ERROR(char const*)
 .text._Z41__static_initialization_and_destruction_0ii
                0x08001d60       0x2c D:\SpaceMaster\1_Semester\Floatsat\Programming\Eclipse Luna SR1 121\Workspace\rodos\Debug_STM32F4\librodos.a(debug.o)
 .text._GLOBAL__sub_I__ZN5RODOS12errorCounterE
                0x08001d8c       0x10 D:\SpaceMaster\1_Semester\Floatsat\Programming\Eclipse Luna SR1 121\Workspace\rodos\Debug_STM32F4\librodos.a(debug.o)
 .text._ZN5RODOS11ListElementC2ERPS0_PKcPv
                0x08001d9c       0x40 D:\SpaceMaster\1_Semester\Floatsat\Programming\Eclipse Luna SR1 121\Workspace\rodos\Debug_STM32F4\librodos.a(listelement.o)
                0x08001d9c                RODOS::ListElement::ListElement(RODOS::ListElement*&, char const*, void*)
                0x08001d9c                RODOS::ListElement::ListElement(RODOS::ListElement*&, char const*, void*)
 .text._ZN5RODOS11ListElement6appendERPS0_
                0x08001ddc       0x50 D:\SpaceMaster\1_Semester\Floatsat\Programming\Eclipse Luna SR1 121\Workspace\rodos\Debug_STM32F4\librodos.a(listelement.o)
                0x08001ddc                RODOS::ListElement::append(RODOS::ListElement*&)
 .text._ZN5RODOS11ListElementD2Ev
                0x08001e2c       0x1c D:\SpaceMaster\1_Semester\Floatsat\Programming\Eclipse Luna SR1 121\Workspace\rodos\Debug_STM32F4\librodos.a(listelement.o)
                0x08001e2c                RODOS::ListElement::~ListElement()
                0x08001e2c                RODOS::ListElement::~ListElement()
 .text.strlen   0x08001e48       0x3c D:\SpaceMaster\1_Semester\Floatsat\Programming\Eclipse Luna SR1 121\Workspace\rodos\Debug_STM32F4\librodos.a(string_pico.o)
                0x08001e48                strlen
 .text.memset   0x08001e84       0x44 D:\SpaceMaster\1_Semester\Floatsat\Programming\Eclipse Luna SR1 121\Workspace\rodos\Debug_STM32F4\librodos.a(string_pico.o)
                0x08001e84                memset
 .text.memcpy   0x08001ec8       0x54 D:\SpaceMaster\1_Semester\Floatsat\Programming\Eclipse Luna SR1 121\Workspace\rodos\Debug_STM32F4\librodos.a(string_pico.o)
                0x08001ec8                memcpy
 .text._ZdlPv   0x08001f1c       0x14 D:\SpaceMaster\1_Semester\Floatsat\Programming\Eclipse Luna SR1 121\Workspace\rodos\Debug_STM32F4\librodos.a(string_pico.o)
                0x08001f1c                operator delete(void*)
 .text._ZN5RODOS10SubscriberC2ERNS_14TopicInterfaceERNS_6PutterEPKcb
                0x08001f30       0x64 D:\SpaceMaster\1_Semester\Floatsat\Programming\Eclipse Luna SR1 121\Workspace\rodos\Debug_STM32F4\librodos.a(subscriber.o)
                0x08001f30                RODOS::Subscriber::Subscriber(RODOS::TopicInterface&, RODOS::Putter&, char const*, bool)
                0x08001f30                RODOS::Subscriber::Subscriber(RODOS::TopicInterface&, RODOS::Putter&, char const*, bool)
 .text._ZN5RODOS10Subscriber3putEllPKvl
                0x08001f94       0x20 D:\SpaceMaster\1_Semester\Floatsat\Programming\Eclipse Luna SR1 121\Workspace\rodos\Debug_STM32F4\librodos.a(subscriber.o)
                0x08001f94                RODOS::Subscriber::put(long, long, void const*, long)
 .text._ZN5RODOS10Subscriber3putEllPKvRKNS_10NetMsgInfoE
                0x08001fb4       0xac D:\SpaceMaster\1_Semester\Floatsat\Programming\Eclipse Luna SR1 121\Workspace\rodos\Debug_STM32F4\librodos.a(subscriber.o)
                0x08001fb4                RODOS::Subscriber::put(long, long, void const*, RODOS::NetMsgInfo const&)
 .text._ZN5RODOS10Subscriber16putFromInterruptElPKvi
                0x08002060       0x3c D:\SpaceMaster\1_Semester\Floatsat\Programming\Eclipse Luna SR1 121\Workspace\rodos\Debug_STM32F4\librodos.a(subscriber.o)
                0x08002060                RODOS::Subscriber::putFromInterrupt(long, void const*, int)
 .text._ZN5RODOS9TimeModelC2Ev
                0x0800209c       0x48 D:\SpaceMaster\1_Semester\Floatsat\Programming\Eclipse Luna SR1 121\Workspace\rodos\Debug_STM32F4\librodos.a(timemodel.o)
                0x0800209c                RODOS::TimeModel::TimeModel()
                0x0800209c                RODOS::TimeModel::TimeModel()
 .text._ZN5RODOS9TimeModel14getNanosecondsEv
                0x080020e4       0x14 D:\SpaceMaster\1_Semester\Floatsat\Programming\Eclipse Luna SR1 121\Workspace\rodos\Debug_STM32F4\librodos.a(timemodel.o)
                0x080020e4                RODOS::TimeModel::getNanoseconds()
 .text._ZN5RODOS9TimeModel15computeNextBeatExxx
                0x080020f8       0x88 D:\SpaceMaster\1_Semester\Floatsat\Programming\Eclipse Luna SR1 121\Workspace\rodos\Debug_STM32F4\librodos.a(timemodel.o)
                0x080020f8                RODOS::TimeModel::computeNextBeat(long long, long long, long long)
 .text._Z41__static_initialization_and_destruction_0ii
                0x08002180       0x2c D:\SpaceMaster\1_Semester\Floatsat\Programming\Eclipse Luna SR1 121\Workspace\rodos\Debug_STM32F4\librodos.a(timemodel.o)
 .text._GLOBAL__sub_I__ZN5RODOS7sysTimeE
                0x080021ac       0x10 D:\SpaceMaster\1_Semester\Floatsat\Programming\Eclipse Luna SR1 121\Workspace\rodos\Debug_STM32F4\librodos.a(timemodel.o)
 .text._ZN5RODOS14TopicInterfaceC2EllPKc
                0x080021bc       0xe0 D:\SpaceMaster\1_Semester\Floatsat\Programming\Eclipse Luna SR1 121\Workspace\rodos\Debug_STM32F4\librodos.a(topic.o)
                0x080021bc                RODOS::TopicInterface::TopicInterface(long, long, char const*)
                0x080021bc                RODOS::TopicInterface::TopicInterface(long, long, char const*)
 .text._ZN5RODOS5TopicINS_13GenericMsgRefEED2Ev
                0x0800229c       0x3c D:\SpaceMaster\1_Semester\Floatsat\Programming\Eclipse Luna SR1 121\Workspace\rodos\Debug_STM32F4\librodos.a(topic.o)
                0x0800229c                RODOS::Topic<RODOS::GenericMsgRef>::~Topic()
                0x0800229c                RODOS::Topic<RODOS::GenericMsgRef>::~Topic()
 .text._ZN5RODOS5TopicINS_13GenericMsgRefEED0Ev
                0x080022d8       0x20 D:\SpaceMaster\1_Semester\Floatsat\Programming\Eclipse Luna SR1 121\Workspace\rodos\Debug_STM32F4\librodos.a(topic.o)
                0x080022d8                RODOS::Topic<RODOS::GenericMsgRef>::~Topic()
 .text._ZN5RODOS5TopicINS_13GenericMsgRefEEC2ElPKc
                0x080022f8       0x30 D:\SpaceMaster\1_Semester\Floatsat\Programming\Eclipse Luna SR1 121\Workspace\rodos\Debug_STM32F4\librodos.a(topic.o)
                0x080022f8                RODOS::Topic<RODOS::GenericMsgRef>::Topic(long, char const*)
                0x080022f8                RODOS::Topic<RODOS::GenericMsgRef>::Topic(long, char const*)
 .text._ZN5RODOS5TopicINS_14NetworkMessageEEC2ElPKc
                0x08002328       0x30 D:\SpaceMaster\1_Semester\Floatsat\Programming\Eclipse Luna SR1 121\Workspace\rodos\Debug_STM32F4\librodos.a(topic.o)
                0x08002328                RODOS::Topic<RODOS::NetworkMessage>::Topic(long, char const*)
                0x08002328                RODOS::Topic<RODOS::NetworkMessage>::Topic(long, char const*)
 .text._ZN5RODOS5TopicIPvEC2ElPKc
                0x08002358       0x30 D:\SpaceMaster\1_Semester\Floatsat\Programming\Eclipse Luna SR1 121\Workspace\rodos\Debug_STM32F4\librodos.a(topic.o)
                0x08002358                RODOS::Topic<void*>::Topic(long, char const*)
                0x08002358                RODOS::Topic<void*>::Topic(long, char const*)
 .text._Z41__static_initialization_and_destruction_0ii
                0x08002388      0x104 D:\SpaceMaster\1_Semester\Floatsat\Programming\Eclipse Luna SR1 121\Workspace\rodos\Debug_STM32F4\librodos.a(topic.o)
 .text._ZN5RODOS5TopicIPvED2Ev
                0x0800248c       0x3c D:\SpaceMaster\1_Semester\Floatsat\Programming\Eclipse Luna SR1 121\Workspace\rodos\Debug_STM32F4\librodos.a(topic.o)
                0x0800248c                RODOS::Topic<void*>::~Topic()
                0x0800248c                RODOS::Topic<void*>::~Topic()
 .text._ZN5RODOS5TopicIPvED0Ev
                0x080024c8       0x20 D:\SpaceMaster\1_Semester\Floatsat\Programming\Eclipse Luna SR1 121\Workspace\rodos\Debug_STM32F4\librodos.a(topic.o)
                0x080024c8                RODOS::Topic<void*>::~Topic()
 .text._ZN5RODOS5TopicINS_14NetworkMessageEED2Ev
                0x080024e8       0x3c D:\SpaceMaster\1_Semester\Floatsat\Programming\Eclipse Luna SR1 121\Workspace\rodos\Debug_STM32F4\librodos.a(topic.o)
                0x080024e8                RODOS::Topic<RODOS::NetworkMessage>::~Topic()
                0x080024e8                RODOS::Topic<RODOS::NetworkMessage>::~Topic()
 .text._ZN5RODOS5TopicINS_14NetworkMessageEED0Ev
                0x08002524       0x20 D:\SpaceMaster\1_Semester\Floatsat\Programming\Eclipse Luna SR1 121\Workspace\rodos\Debug_STM32F4\librodos.a(topic.o)
                0x08002524                RODOS::Topic<RODOS::NetworkMessage>::~Topic()
 .text._GLOBAL__sub_I__ZN5RODOS14TopicInterfaceC2EllPKc
                0x08002544       0x10 D:\SpaceMaster\1_Semester\Floatsat\Programming\Eclipse Luna SR1 121\Workspace\rodos\Debug_STM32F4\librodos.a(topic.o)
 .text._ZN5RODOS7Yprintf8vaprintfEPKc
                0x08002554      0x4e4 D:\SpaceMaster\1_Semester\Floatsat\Programming\Eclipse Luna SR1 121\Workspace\rodos\Debug_STM32F4\librodos.a(yprintf.o)
                0x08002554                RODOS::Yprintf::vaprintf(char const*)
 .text._ZN5RODOS7xprintfEPKcz
                0x08002a38       0x40 D:\SpaceMaster\1_Semester\Floatsat\Programming\Eclipse Luna SR1 121\Workspace\rodos\Debug_STM32F4\librodos.a(yprintf.o)
                0x08002a38                RODOS::xprintf(char const*, ...)
 .text.call_constructors
                0x08002a78       0x40 D:\SpaceMaster\1_Semester\Floatsat\Programming\Eclipse Luna SR1 121\Workspace\rodos\Debug_STM32F4\librodos.a(call_constructors.o)
                0x08002a78                call_constructors
 .text.__cxa_atexit
                0x08002ab8       0x1c D:\SpaceMaster\1_Semester\Floatsat\Programming\Eclipse Luna SR1 121\Workspace\rodos\Debug_STM32F4\librodos.a(call_constructors.o)
                0x08002ab8                __cxa_atexit
 .text.__cxa_pure_virtual
                0x08002ad4        0x8 D:\SpaceMaster\1_Semester\Floatsat\Programming\Eclipse Luna SR1 121\Workspace\rodos\Debug_STM32F4\librodos.a(call_constructors.o)
                0x08002ad4                __cxa_pure_virtual
 .text.Reset_Handler
                0x08002adc       0x6c D:\SpaceMaster\1_Semester\Floatsat\Programming\Eclipse Luna SR1 121\Workspace\rodos\Debug_STM32F4\librodos.a(startup_stm32f4xx.o)
                0x08002adc                Reset_Handler
 .text.Default_Handler
                0x08002b48        0x8 D:\SpaceMaster\1_Semester\Floatsat\Programming\Eclipse Luna SR1 121\Workspace\rodos\Debug_STM32F4\librodos.a(startup_stm32f4xx.o)
                0x08002b48                RTC_Alarm_IRQHandler
                0x08002b48                HASH_RNG_IRQHandler
                0x08002b48                TIM8_CC_IRQHandler
                0x08002b48                DebugMon_Handler
                0x08002b48                TIM1_CC_IRQHandler
                0x08002b48                PVD_IRQHandler
                0x08002b48                SDIO_IRQHandler
                0x08002b48                TAMP_STAMP_IRQHandler
                0x08002b48                CAN2_RX1_IRQHandler
                0x08002b48                TIM8_TRG_COM_TIM14_IRQHandler
                0x08002b48                TIM1_UP_TIM10_IRQHandler
                0x08002b48                TIM8_UP_TIM13_IRQHandler
                0x08002b48                I2C3_ER_IRQHandler
                0x08002b48                I2C2_EV_IRQHandler
                0x08002b48                DMA1_Stream2_IRQHandler
                0x08002b48                CAN1_RX0_IRQHandler
                0x08002b48                FPU_IRQHandler
                0x08002b48                OTG_HS_WKUP_IRQHandler
                0x08002b48                CAN2_SCE_IRQHandler
                0x08002b48                DMA2_Stream2_IRQHandler
                0x08002b48                SPI1_IRQHandler
                0x08002b48                TIM6_DAC_IRQHandler
                0x08002b48                TIM1_BRK_TIM9_IRQHandler
                0x08002b48                DCMI_IRQHandler
                0x08002b48                CAN2_RX0_IRQHandler
                0x08002b48                DMA2_Stream3_IRQHandler
                0x08002b48                CRYP_IRQHandler
                0x08002b48                CAN1_RX1_IRQHandler
                0x08002b48                DMA2_Stream0_IRQHandler
                0x08002b48                TIM4_IRQHandler
                0x08002b48                I2C1_EV_IRQHandler
                0x08002b48                TIM3_IRQHandler
                0x08002b48                RCC_IRQHandler
                0x08002b48                TIM8_BRK_TIM12_IRQHandler
                0x08002b48                Default_Handler
                0x08002b48                ADC_IRQHandler
                0x08002b48                DMA1_Stream7_IRQHandler
                0x08002b48                TIM7_IRQHandler
                0x08002b48                CAN2_TX_IRQHandler
                0x08002b48                I2C3_EV_IRQHandler
                0x08002b48                RTC_WKUP_IRQHandler
                0x08002b48                ETH_WKUP_IRQHandler
                0x08002b48                SPI2_IRQHandler
                0x08002b48                OTG_HS_EP1_IN_IRQHandler
                0x08002b48                DMA1_Stream0_IRQHandler
                0x08002b48                CAN1_TX_IRQHandler
                0x08002b48                FSMC_IRQHandler
                0x08002b48                ETH_IRQHandler
                0x08002b48                OTG_HS_EP1_OUT_IRQHandler
                0x08002b48                WWDG_IRQHandler
                0x08002b48                TIM2_IRQHandler
                0x08002b48                OTG_FS_WKUP_IRQHandler
                0x08002b48                OTG_HS_IRQHandler
                0x08002b48                I2C2_ER_IRQHandler
                0x08002b48                DMA2_Stream1_IRQHandler
                0x08002b48                CAN1_SCE_IRQHandler
                0x08002b48                FLASH_IRQHandler
                0x08002b48                DMA2_Stream4_IRQHandler
                0x08002b48                OTG_FS_IRQHandler
                0x08002b48                SPI3_IRQHandler
                0x08002b48                DMA1_Stream4_IRQHandler
                0x08002b48                I2C1_ER_IRQHandler
                0x08002b48                DMA2_Stream6_IRQHandler
 .text._ZnwjPv  0x08002b50       0x18 D:\SpaceMaster\1_Semester\Floatsat\Programming\Eclipse Luna SR1 121\Workspace\rodos\Debug_STM32F4\librodos.a(hal_gpio.o)
                0x08002b50                operator new(unsigned int, void*)
 .text._ZN5RODOS18GenericIOInterface4initEz
                0x08002b68       0x14 D:\SpaceMaster\1_Semester\Floatsat\Programming\Eclipse Luna SR1 121\Workspace\rodos\Debug_STM32F4\librodos.a(hal_gpio.o)
                0x08002b68                RODOS::GenericIOInterface::init(...)
 .text._ZN5RODOS18GenericIOInterface6configEz
                0x08002b7c       0x14 D:\SpaceMaster\1_Semester\Floatsat\Programming\Eclipse Luna SR1 121\Workspace\rodos\Debug_STM32F4\librodos.a(hal_gpio.o)
                0x08002b7c                RODOS::GenericIOInterface::config(...)
 .text._ZN5RODOS18GenericIOInterface6statusEz
                0x08002b90       0x14 D:\SpaceMaster\1_Semester\Floatsat\Programming\Eclipse Luna SR1 121\Workspace\rodos\Debug_STM32F4\librodos.a(hal_gpio.o)
                0x08002b90                RODOS::GenericIOInterface::status(...)
 .text._ZN5RODOS18GenericIOInterface5writeEz
                0x08002ba4       0x14 D:\SpaceMaster\1_Semester\Floatsat\Programming\Eclipse Luna SR1 121\Workspace\rodos\Debug_STM32F4\librodos.a(hal_gpio.o)
                0x08002ba4                RODOS::GenericIOInterface::write(...)
 .text._ZN5RODOS18GenericIOInterface4readEz
                0x08002bb8       0x14 D:\SpaceMaster\1_Semester\Floatsat\Programming\Eclipse Luna SR1 121\Workspace\rodos\Debug_STM32F4\librodos.a(hal_gpio.o)
                0x08002bb8                RODOS::GenericIOInterface::read(...)
 .text._ZN5RODOS18GenericIOInterface9writeReadEz
                0x08002bcc       0x14 D:\SpaceMaster\1_Semester\Floatsat\Programming\Eclipse Luna SR1 121\Workspace\rodos\Debug_STM32F4\librodos.a(hal_gpio.o)
                0x08002bcc                RODOS::GenericIOInterface::writeRead(...)
 .text._ZN5RODOS8HAL_GPIO15isWriteFinishedEv
                0x08002be0       0x18 D:\SpaceMaster\1_Semester\Floatsat\Programming\Eclipse Luna SR1 121\Workspace\rodos\Debug_STM32F4\librodos.a(hal_gpio.o)
                0x08002be0                RODOS::HAL_GPIO::isWriteFinished()
 .text._ZN5RODOS8HAL_GPIO14isReadFinishedEv
                0x08002bf8       0x18 D:\SpaceMaster\1_Semester\Floatsat\Programming\Eclipse Luna SR1 121\Workspace\rodos\Debug_STM32F4\librodos.a(hal_gpio.o)
                0x08002bf8                RODOS::HAL_GPIO::isReadFinished()
 .text.NVIC_EnableIRQ
                0x08002c10       0x30 D:\SpaceMaster\1_Semester\Floatsat\Programming\Eclipse Luna SR1 121\Workspace\rodos\Debug_STM32F4\librodos.a(hal_gpio.o)
 .text.NVIC_ClearPendingIRQ
                0x08002c40       0x34 D:\SpaceMaster\1_Semester\Floatsat\Programming\Eclipse Luna SR1 121\Workspace\rodos\Debug_STM32F4\librodos.a(hal_gpio.o)
 .text._ZN5RODOS17initEXTInterruptsEv
                0x08002c74       0x54 D:\SpaceMaster\1_Semester\Floatsat\Programming\Eclipse Luna SR1 121\Workspace\rodos\Debug_STM32F4\librodos.a(hal_gpio.o)
                0x08002c74                RODOS::initEXTInterrupts()
 .text._ZN5RODOS11HW_HAL_GPIOC2ENS_8GPIO_PINEhb
                0x08002cc8       0x6c D:\SpaceMaster\1_Semester\Floatsat\Programming\Eclipse Luna SR1 121\Workspace\rodos\Debug_STM32F4\librodos.a(hal_gpio.o)
                0x08002cc8                RODOS::HW_HAL_GPIO::HW_HAL_GPIO(RODOS::GPIO_PIN, unsigned char, bool)
                0x08002cc8                RODOS::HW_HAL_GPIO::HW_HAL_GPIO(RODOS::GPIO_PIN, unsigned char, bool)
 .text._ZN5RODOS11HW_HAL_GPIO10setPinMaskEv
                0x08002d34       0x74 D:\SpaceMaster\1_Semester\Floatsat\Programming\Eclipse Luna SR1 121\Workspace\rodos\Debug_STM32F4\librodos.a(hal_gpio.o)
                0x08002d34                RODOS::HW_HAL_GPIO::setPinMask()
 .text._ZN5RODOS11HW_HAL_GPIO13EXTIRQHandlerEv
                0x08002da8       0x54 D:\SpaceMaster\1_Semester\Floatsat\Programming\Eclipse Luna SR1 121\Workspace\rodos\Debug_STM32F4\librodos.a(hal_gpio.o)
                0x08002da8                RODOS::HW_HAL_GPIO::EXTIRQHandler()
 .text._ZN5RODOS11HW_HAL_GPIO17getGPIO_PinSourceEm
                0x08002dfc       0x38 D:\SpaceMaster\1_Semester\Floatsat\Programming\Eclipse Luna SR1 121\Workspace\rodos\Debug_STM32F4\librodos.a(hal_gpio.o)
                0x08002dfc                RODOS::HW_HAL_GPIO::getGPIO_PinSource(unsigned long)
 .text._ZN5RODOS11HW_HAL_GPIO23getRCC_APB1Periph_GPIOxEP12GPIO_TypeDef
                0x08002e34       0xd4 D:\SpaceMaster\1_Semester\Floatsat\Programming\Eclipse Luna SR1 121\Workspace\rodos\Debug_STM32F4\librodos.a(hal_gpio.o)
                0x08002e34                RODOS::HW_HAL_GPIO::getRCC_APB1Periph_GPIOx(GPIO_TypeDef*)
 .text._ZN5RODOS11HW_HAL_GPIO12getSTM32PortENS_8GPIO_PINE
                0x08002f08       0xa8 D:\SpaceMaster\1_Semester\Floatsat\Programming\Eclipse Luna SR1 121\Workspace\rodos\Debug_STM32F4\librodos.a(hal_gpio.o)
                0x08002f08                RODOS::HW_HAL_GPIO::getSTM32Port(RODOS::GPIO_PIN)
 .text._ZN5RODOS11HW_HAL_GPIO11getSTM32PinENS_8GPIO_PINE
                0x08002fb0       0x24 D:\SpaceMaster\1_Semester\Floatsat\Programming\Eclipse Luna SR1 121\Workspace\rodos\Debug_STM32F4\librodos.a(hal_gpio.o)
                0x08002fb0                RODOS::HW_HAL_GPIO::getSTM32Pin(RODOS::GPIO_PIN)
 .text._ZN5RODOS11HW_HAL_GPIO14configureAFPinENS_8GPIO_PINEh
                0x08002fd4       0xa0 D:\SpaceMaster\1_Semester\Floatsat\Programming\Eclipse Luna SR1 121\Workspace\rodos\Debug_STM32F4\librodos.a(hal_gpio.o)
                0x08002fd4                RODOS::HW_HAL_GPIO::configureAFPin(RODOS::GPIO_PIN, unsigned char)
 .text._ZN5RODOS11HW_HAL_GPIO8resetPinENS_8GPIO_PINE
                0x08003074       0x60 D:\SpaceMaster\1_Semester\Floatsat\Programming\Eclipse Luna SR1 121\Workspace\rodos\Debug_STM32F4\librodos.a(hal_gpio.o)
                0x08003074                RODOS::HW_HAL_GPIO::resetPin(RODOS::GPIO_PIN)
 .text._ZN5RODOS8HAL_GPIOC2ENS_8GPIO_PINE
                0x080030d4       0x68 D:\SpaceMaster\1_Semester\Floatsat\Programming\Eclipse Luna SR1 121\Workspace\rodos\Debug_STM32F4\librodos.a(hal_gpio.o)
                0x080030d4                RODOS::HAL_GPIO::HAL_GPIO(RODOS::GPIO_PIN)
                0x080030d4                RODOS::HAL_GPIO::HAL_GPIO(RODOS::GPIO_PIN)
 .text._ZN5RODOS8HAL_GPIO4initEbmm
                0x0800313c       0x90 D:\SpaceMaster\1_Semester\Floatsat\Programming\Eclipse Luna SR1 121\Workspace\rodos\Debug_STM32F4\librodos.a(hal_gpio.o)
                0x0800313c                RODOS::HAL_GPIO::init(bool, unsigned long, unsigned long)
 .text._ZN5RODOS8HAL_GPIO6configENS_13GPIO_CFG_TYPEEm
                0x080031cc      0x158 D:\SpaceMaster\1_Semester\Floatsat\Programming\Eclipse Luna SR1 121\Workspace\rodos\Debug_STM32F4\librodos.a(hal_gpio.o)
                0x080031cc                RODOS::HAL_GPIO::config(RODOS::GPIO_CFG_TYPE, unsigned long)
 .text._ZN5RODOS8HAL_GPIO5resetEv
                0x08003324       0x24 D:\SpaceMaster\1_Semester\Floatsat\Programming\Eclipse Luna SR1 121\Workspace\rodos\Debug_STM32F4\librodos.a(hal_gpio.o)
                0x08003324                RODOS::HAL_GPIO::reset()
 .text._ZN5RODOS8HAL_GPIO7setPinsEm
                0x08003348       0x98 D:\SpaceMaster\1_Semester\Floatsat\Programming\Eclipse Luna SR1 121\Workspace\rodos\Debug_STM32F4\librodos.a(hal_gpio.o)
                0x08003348                RODOS::HAL_GPIO::setPins(unsigned long)
 .text._ZN5RODOS8HAL_GPIO8readPinsEv
                0x080033e0       0x74 D:\SpaceMaster\1_Semester\Floatsat\Programming\Eclipse Luna SR1 121\Workspace\rodos\Debug_STM32F4\librodos.a(hal_gpio.o)
                0x080033e0                RODOS::HAL_GPIO::readPins()
 .text._ZN5RODOS8HAL_GPIO11isDataReadyEv
                0x08003454       0x1c D:\SpaceMaster\1_Semester\Floatsat\Programming\Eclipse Luna SR1 121\Workspace\rodos\Debug_STM32F4\librodos.a(hal_gpio.o)
                0x08003454                RODOS::HAL_GPIO::isDataReady()
 .text._ZN5RODOS8HAL_GPIO15interruptEnableEb
                0x08003470      0x178 D:\SpaceMaster\1_Semester\Floatsat\Programming\Eclipse Luna SR1 121\Workspace\rodos\Debug_STM32F4\librodos.a(hal_gpio.o)
                0x08003470                RODOS::HAL_GPIO::interruptEnable(bool)
 .text.EXTI0_IRQHandler
                0x080035e8       0x24 D:\SpaceMaster\1_Semester\Floatsat\Programming\Eclipse Luna SR1 121\Workspace\rodos\Debug_STM32F4\librodos.a(hal_gpio.o)
                0x080035e8                EXTI0_IRQHandler
 .text.EXTI1_IRQHandler
                0x0800360c       0x24 D:\SpaceMaster\1_Semester\Floatsat\Programming\Eclipse Luna SR1 121\Workspace\rodos\Debug_STM32F4\librodos.a(hal_gpio.o)
                0x0800360c                EXTI1_IRQHandler
 .text.EXTI2_IRQHandler
                0x08003630       0x24 D:\SpaceMaster\1_Semester\Floatsat\Programming\Eclipse Luna SR1 121\Workspace\rodos\Debug_STM32F4\librodos.a(hal_gpio.o)
                0x08003630                EXTI2_IRQHandler
 .text.EXTI3_IRQHandler
                0x08003654       0x24 D:\SpaceMaster\1_Semester\Floatsat\Programming\Eclipse Luna SR1 121\Workspace\rodos\Debug_STM32F4\librodos.a(hal_gpio.o)
                0x08003654                EXTI3_IRQHandler
 .text.EXTI4_IRQHandler
                0x08003678       0x24 D:\SpaceMaster\1_Semester\Floatsat\Programming\Eclipse Luna SR1 121\Workspace\rodos\Debug_STM32F4\librodos.a(hal_gpio.o)
                0x08003678                EXTI4_IRQHandler
 .text.EXTI9_5_IRQHandler
                0x0800369c       0x5c D:\SpaceMaster\1_Semester\Floatsat\Programming\Eclipse Luna SR1 121\Workspace\rodos\Debug_STM32F4\librodos.a(hal_gpio.o)
                0x0800369c                EXTI9_5_IRQHandler
 .text.EXTI15_10_IRQHandler
                0x080036f8       0x5c D:\SpaceMaster\1_Semester\Floatsat\Programming\Eclipse Luna SR1 121\Workspace\rodos\Debug_STM32F4\librodos.a(hal_gpio.o)
                0x080036f8                EXTI15_10_IRQHandler
 .text._ZN5RODOS18GenericIOInterface11isDataReadyEv
                0x08003754       0x18 D:\SpaceMaster\1_Semester\Floatsat\Programming\Eclipse Luna SR1 121\Workspace\rodos\Debug_STM32F4\librodos.a(hal_spi.o)
                0x08003754                RODOS::GenericIOInterface::isDataReady()
 .text._ZN5RODOS10HW_HAL_SPIC2Ev
                0x0800376c       0x18 D:\SpaceMaster\1_Semester\Floatsat\Programming\Eclipse Luna SR1 121\Workspace\rodos\Debug_STM32F4\librodos.a(hal_spi.o)
                0x0800376c                RODOS::HW_HAL_SPI::HW_HAL_SPI()
                0x0800376c                RODOS::HW_HAL_SPI::HW_HAL_SPI()
 .text._ZN5RODOS10HW_HAL_SPIC2ENS_7SPI_IDXE
                0x08003784       0x6c D:\SpaceMaster\1_Semester\Floatsat\Programming\Eclipse Luna SR1 121\Workspace\rodos\Debug_STM32F4\librodos.a(hal_spi.o)
                0x08003784                RODOS::HW_HAL_SPI::HW_HAL_SPI(RODOS::SPI_IDX)
                0x08003784                RODOS::HW_HAL_SPI::HW_HAL_SPI(RODOS::SPI_IDX)
 .text._ZN5RODOS10HW_HAL_SPI11initMembersENS_7SPI_IDXENS_8GPIO_PINES2_S2_
                0x080037f0      0x1b4 D:\SpaceMaster\1_Semester\Floatsat\Programming\Eclipse Luna SR1 121\Workspace\rodos\Debug_STM32F4\librodos.a(hal_spi.o)
                0x080037f0                RODOS::HW_HAL_SPI::initMembers(RODOS::SPI_IDX, RODOS::GPIO_PIN, RODOS::GPIO_PIN, RODOS::GPIO_PIN)
 .text._ZN5RODOS10HW_HAL_SPI19waitOnTransferReadyEv
                0x080039a4       0xa0 D:\SpaceMaster\1_Semester\Floatsat\Programming\Eclipse Luna SR1 121\Workspace\rodos\Debug_STM32F4\librodos.a(hal_spi.o)
                0x080039a4                RODOS::HW_HAL_SPI::waitOnTransferReady()
 .text._ZN5RODOS10HW_HAL_SPI11setBaudrateEm
                0x08003a44      0x108 D:\SpaceMaster\1_Semester\Floatsat\Programming\Eclipse Luna SR1 121\Workspace\rodos\Debug_STM32F4\librodos.a(hal_spi.o)
                0x08003a44                RODOS::HW_HAL_SPI::setBaudrate(unsigned long)
 .text._ZN5RODOS7HAL_SPIC2ENS_7SPI_IDXE
                0x08003b4c       0x70 D:\SpaceMaster\1_Semester\Floatsat\Programming\Eclipse Luna SR1 121\Workspace\rodos\Debug_STM32F4\librodos.a(hal_spi.o)
                0x08003b4c                RODOS::HAL_SPI::HAL_SPI(RODOS::SPI_IDX)
                0x08003b4c                RODOS::HAL_SPI::HAL_SPI(RODOS::SPI_IDX)
 .text._ZN5RODOS7HAL_SPI4initEmb
                0x08003bbc      0x374 D:\SpaceMaster\1_Semester\Floatsat\Programming\Eclipse Luna SR1 121\Workspace\rodos\Debug_STM32F4\librodos.a(hal_spi.o)
                0x08003bbc                RODOS::HAL_SPI::init(unsigned long, bool)
 .text._ZN5RODOS7HAL_SPI5resetEv
                0x08003f30      0x170 D:\SpaceMaster\1_Semester\Floatsat\Programming\Eclipse Luna SR1 121\Workspace\rodos\Debug_STM32F4\librodos.a(hal_spi.o)
                0x08003f30                RODOS::HAL_SPI::reset()
 .text._ZN5RODOS7HAL_SPI15isWriteFinishedEv
                0x080040a0       0x18 D:\SpaceMaster\1_Semester\Floatsat\Programming\Eclipse Luna SR1 121\Workspace\rodos\Debug_STM32F4\librodos.a(hal_spi.o)
                0x080040a0                RODOS::HAL_SPI::isWriteFinished()
 .text._ZN5RODOS7HAL_SPI14isReadFinishedEv
                0x080040b8       0x18 D:\SpaceMaster\1_Semester\Floatsat\Programming\Eclipse Luna SR1 121\Workspace\rodos\Debug_STM32F4\librodos.a(hal_spi.o)
                0x080040b8                RODOS::HAL_SPI::isReadFinished()
 .text._ZN5RODOS7HAL_SPI5writeEPKhm
                0x080040d0      0x12c D:\SpaceMaster\1_Semester\Floatsat\Programming\Eclipse Luna SR1 121\Workspace\rodos\Debug_STM32F4\librodos.a(hal_spi.o)
                0x080040d0                RODOS::HAL_SPI::write(unsigned char const*, unsigned long)
 .text._ZN5RODOS7HAL_SPI9writeReadEPKhmPhm
                0x080041fc      0x248 D:\SpaceMaster\1_Semester\Floatsat\Programming\Eclipse Luna SR1 121\Workspace\rodos\Debug_STM32F4\librodos.a(hal_spi.o)
                0x080041fc                RODOS::HAL_SPI::writeRead(unsigned char const*, unsigned long, unsigned char*, unsigned long)
 .text._Z41__static_initialization_and_destruction_0ii
                0x08004444       0x3c D:\SpaceMaster\1_Semester\Floatsat\Programming\Eclipse Luna SR1 121\Workspace\rodos\Debug_STM32F4\librodos.a(hal_spi.o)
 .text._GLOBAL__sub_I__ZN5RODOS10HW_HAL_SPI17DMA_InitStructureE
                0x08004480       0x10 D:\SpaceMaster\1_Semester\Floatsat\Programming\Eclipse Luna SR1 121\Workspace\rodos\Debug_STM32F4\librodos.a(hal_spi.o)
 .text._ZN5RODOS6Thread4initEv
                0x08004490       0x14 D:\SpaceMaster\1_Semester\Floatsat\Programming\Eclipse Luna SR1 121\Workspace\rodos\Debug_STM32F4\librodos.a(hal_uart.o)
                0x08004490                RODOS::Thread::init()
 .text._ZN5RODOS18GenericIOInterface14isReadFinishedEv
                0x080044a4       0x18 D:\SpaceMaster\1_Semester\Floatsat\Programming\Eclipse Luna SR1 121\Workspace\rodos\Debug_STM32F4\librodos.a(hal_uart.o)
                0x080044a4                RODOS::GenericIOInterface::isReadFinished()
 .text.NVIC_EnableIRQ
                0x080044bc       0x30 D:\SpaceMaster\1_Semester\Floatsat\Programming\Eclipse Luna SR1 121\Workspace\rodos\Debug_STM32F4\librodos.a(hal_uart.o)
 .text.NVIC_DisableIRQ
                0x080044ec       0x34 D:\SpaceMaster\1_Semester\Floatsat\Programming\Eclipse Luna SR1 121\Workspace\rodos\Debug_STM32F4\librodos.a(hal_uart.o)
 .text.NVIC_ClearPendingIRQ
                0x08004520       0x34 D:\SpaceMaster\1_Semester\Floatsat\Programming\Eclipse Luna SR1 121\Workspace\rodos\Debug_STM32F4\librodos.a(hal_uart.o)
 .text._ZN5RODOS14ReceiveTriggerC2Ev
                0x08004554       0x30 D:\SpaceMaster\1_Semester\Floatsat\Programming\Eclipse Luna SR1 121\Workspace\rodos\Debug_STM32F4\librodos.a(hal_uart.o)
                0x08004554                RODOS::ReceiveTrigger::ReceiveTrigger()
                0x08004554                RODOS::ReceiveTrigger::ReceiveTrigger()
 .text._ZN5RODOS11HW_HAL_UARTC2Ev
                0x08004584       0x28 D:\SpaceMaster\1_Semester\Floatsat\Programming\Eclipse Luna SR1 121\Workspace\rodos\Debug_STM32F4\librodos.a(hal_uart.o)
                0x08004584                RODOS::HW_HAL_UART::HW_HAL_UART()
                0x08004584                RODOS::HW_HAL_UART::HW_HAL_UART()
 *fill*         0x080045ac        0x4 
 .text._ZN5RODOS14ReceiveTrigger3runEv
                0x080045b0       0xc0 D:\SpaceMaster\1_Semester\Floatsat\Programming\Eclipse Luna SR1 121\Workspace\rodos\Debug_STM32F4\librodos.a(hal_uart.o)
                0x080045b0                RODOS::ReceiveTrigger::run()
 .text._ZN5RODOS8HAL_UARTC2ENS_8UART_IDXENS_8GPIO_PINES2_S2_S2_
                0x08004670       0x80 D:\SpaceMaster\1_Semester\Floatsat\Programming\Eclipse Luna SR1 121\Workspace\rodos\Debug_STM32F4\librodos.a(hal_uart.o)
                0x08004670                RODOS::HAL_UART::HAL_UART(RODOS::UART_IDX, RODOS::GPIO_PIN, RODOS::GPIO_PIN, RODOS::GPIO_PIN, RODOS::GPIO_PIN)
                0x08004670                RODOS::HAL_UART::HAL_UART(RODOS::UART_IDX, RODOS::GPIO_PIN, RODOS::GPIO_PIN, RODOS::GPIO_PIN, RODOS::GPIO_PIN)
 .text._ZN5RODOS8HAL_UARTC2ENS_8UART_IDXE
                0x080046f0      0x19c D:\SpaceMaster\1_Semester\Floatsat\Programming\Eclipse Luna SR1 121\Workspace\rodos\Debug_STM32F4\librodos.a(hal_uart.o)
                0x080046f0                RODOS::HAL_UART::HAL_UART(RODOS::UART_IDX)
                0x080046f0                RODOS::HAL_UART::HAL_UART(RODOS::UART_IDX)
 .text.USART1_IRQHandler
                0x0800488c       0x18 D:\SpaceMaster\1_Semester\Floatsat\Programming\Eclipse Luna SR1 121\Workspace\rodos\Debug_STM32F4\librodos.a(hal_uart.o)
                0x0800488c                USART1_IRQHandler
 .text.USART2_IRQHandler
                0x080048a4       0x18 D:\SpaceMaster\1_Semester\Floatsat\Programming\Eclipse Luna SR1 121\Workspace\rodos\Debug_STM32F4\librodos.a(hal_uart.o)
                0x080048a4                USART2_IRQHandler
 .text.USART3_IRQHandler
                0x080048bc       0x18 D:\SpaceMaster\1_Semester\Floatsat\Programming\Eclipse Luna SR1 121\Workspace\rodos\Debug_STM32F4\librodos.a(hal_uart.o)
                0x080048bc                USART3_IRQHandler
 .text.UART4_IRQHandler
                0x080048d4       0x18 D:\SpaceMaster\1_Semester\Floatsat\Programming\Eclipse Luna SR1 121\Workspace\rodos\Debug_STM32F4\librodos.a(hal_uart.o)
                0x080048d4                UART4_IRQHandler
 .text.UART5_IRQHandler
                0x080048ec       0x18 D:\SpaceMaster\1_Semester\Floatsat\Programming\Eclipse Luna SR1 121\Workspace\rodos\Debug_STM32F4\librodos.a(hal_uart.o)
                0x080048ec                UART5_IRQHandler
 .text.USART6_IRQHandler
                0x08004904       0x18 D:\SpaceMaster\1_Semester\Floatsat\Programming\Eclipse Luna SR1 121\Workspace\rodos\Debug_STM32F4\librodos.a(hal_uart.o)
                0x08004904                USART6_IRQHandler
 .text.DMA2_Stream7_IRQHandler
                0x0800491c       0x48 D:\SpaceMaster\1_Semester\Floatsat\Programming\Eclipse Luna SR1 121\Workspace\rodos\Debug_STM32F4\librodos.a(hal_uart.o)
                0x0800491c                DMA2_Stream7_IRQHandler
 .text.DMA1_Stream6_IRQHandler
                0x08004964       0x48 D:\SpaceMaster\1_Semester\Floatsat\Programming\Eclipse Luna SR1 121\Workspace\rodos\Debug_STM32F4\librodos.a(hal_uart.o)
                0x08004964                DMA1_Stream6_IRQHandler
 .text.DMA1_Stream3_IRQHandler
                0x080049ac       0x48 D:\SpaceMaster\1_Semester\Floatsat\Programming\Eclipse Luna SR1 121\Workspace\rodos\Debug_STM32F4\librodos.a(hal_uart.o)
                0x080049ac                DMA1_Stream3_IRQHandler
 .text.DMA2_Stream5_IRQHandler
                0x080049f4       0x48 D:\SpaceMaster\1_Semester\Floatsat\Programming\Eclipse Luna SR1 121\Workspace\rodos\Debug_STM32F4\librodos.a(hal_uart.o)
                0x080049f4                DMA2_Stream5_IRQHandler
 .text.DMA1_Stream5_IRQHandler
                0x08004a3c       0x48 D:\SpaceMaster\1_Semester\Floatsat\Programming\Eclipse Luna SR1 121\Workspace\rodos\Debug_STM32F4\librodos.a(hal_uart.o)
                0x08004a3c                DMA1_Stream5_IRQHandler
 .text.DMA1_Stream1_IRQHandler
                0x08004a84       0x48 D:\SpaceMaster\1_Semester\Floatsat\Programming\Eclipse Luna SR1 121\Workspace\rodos\Debug_STM32F4\librodos.a(hal_uart.o)
                0x08004a84                DMA1_Stream1_IRQHandler
 .text._ZN5RODOS8HAL_UART4initEj
                0x08004acc       0x3c D:\SpaceMaster\1_Semester\Floatsat\Programming\Eclipse Luna SR1 121\Workspace\rodos\Debug_STM32F4\librodos.a(hal_uart.o)
                0x08004acc                RODOS::HAL_UART::init(unsigned int)
 .text._ZN5RODOS8HAL_UART6configENS_19UART_PARAMETER_TYPEEi
                0x08004b08      0x1d0 D:\SpaceMaster\1_Semester\Floatsat\Programming\Eclipse Luna SR1 121\Workspace\rodos\Debug_STM32F4\librodos.a(hal_uart.o)
                0x08004b08                RODOS::HAL_UART::config(RODOS::UART_PARAMETER_TYPE, int)
 .text._ZN5RODOS8HAL_UART5resetEv
                0x08004cd8       0xc8 D:\SpaceMaster\1_Semester\Floatsat\Programming\Eclipse Luna SR1 121\Workspace\rodos\Debug_STM32F4\librodos.a(hal_uart.o)
                0x08004cd8                RODOS::HAL_UART::reset()
 .text._ZN5RODOS8HAL_UART4readEPci
                0x08004da0       0xdc D:\SpaceMaster\1_Semester\Floatsat\Programming\Eclipse Luna SR1 121\Workspace\rodos\Debug_STM32F4\librodos.a(hal_uart.o)
                0x08004da0                RODOS::HAL_UART::read(char*, int)
 .text._ZN5RODOS8HAL_UART5writeEPKci
                0x08004e7c       0xf0 D:\SpaceMaster\1_Semester\Floatsat\Programming\Eclipse Luna SR1 121\Workspace\rodos\Debug_STM32F4\librodos.a(hal_uart.o)
                0x08004e7c                RODOS::HAL_UART::write(char const*, int)
 .text._ZN5RODOS8HAL_UART13getcharNoWaitEv
                0x08004f6c       0x88 D:\SpaceMaster\1_Semester\Floatsat\Programming\Eclipse Luna SR1 121\Workspace\rodos\Debug_STM32F4\librodos.a(hal_uart.o)
                0x08004f6c                RODOS::HAL_UART::getcharNoWait()
 .text._ZN5RODOS8HAL_UART13putcharNoWaitEc
                0x08004ff4       0xa8 D:\SpaceMaster\1_Semester\Floatsat\Programming\Eclipse Luna SR1 121\Workspace\rodos\Debug_STM32F4\librodos.a(hal_uart.o)
                0x08004ff4                RODOS::HAL_UART::putcharNoWait(char)
 .text._ZN5RODOS8HAL_UART6statusENS_16UART_STATUS_TYPEE
                0x0800509c       0x64 D:\SpaceMaster\1_Semester\Floatsat\Programming\Eclipse Luna SR1 121\Workspace\rodos\Debug_STM32F4\librodos.a(hal_uart.o)
                0x0800509c                RODOS::HAL_UART::status(RODOS::UART_STATUS_TYPE)
 .text._ZN5RODOS8HAL_UART15isWriteFinishedEv
                0x08005100       0x58 D:\SpaceMaster\1_Semester\Floatsat\Programming\Eclipse Luna SR1 121\Workspace\rodos\Debug_STM32F4\librodos.a(hal_uart.o)
                0x08005100                RODOS::HAL_UART::isWriteFinished()
 .text._ZN5RODOS8HAL_UART11isDataReadyEv
                0x08005158       0x3c D:\SpaceMaster\1_Semester\Floatsat\Programming\Eclipse Luna SR1 121\Workspace\rodos\Debug_STM32F4\librodos.a(hal_uart.o)
                0x08005158                RODOS::HAL_UART::isDataReady()
 .text._ZN5RODOS11HW_HAL_UART11initMembersEPNS_8HAL_UARTENS_8UART_IDXENS_8GPIO_PINES4_S4_S4_
                0x08005194       0x6c D:\SpaceMaster\1_Semester\Floatsat\Programming\Eclipse Luna SR1 121\Workspace\rodos\Debug_STM32F4\librodos.a(hal_uart.o)
                0x08005194                RODOS::HW_HAL_UART::initMembers(RODOS::HAL_UART*, RODOS::UART_IDX, RODOS::GPIO_PIN, RODOS::GPIO_PIN, RODOS::GPIO_PIN, RODOS::GPIO_PIN)
 .text._ZN5RODOS11HW_HAL_UART12DMAConfigureEv
                0x08005200      0x18c D:\SpaceMaster\1_Semester\Floatsat\Programming\Eclipse Luna SR1 121\Workspace\rodos\Debug_STM32F4\librodos.a(hal_uart.o)
                0x08005200                RODOS::HW_HAL_UART::DMAConfigure()
 .text._ZN5RODOS11HW_HAL_UART16DMAStartTransferEPvi
                0x0800538c       0x54 D:\SpaceMaster\1_Semester\Floatsat\Programming\Eclipse Luna SR1 121\Workspace\rodos\Debug_STM32F4\librodos.a(hal_uart.o)
                0x0800538c                RODOS::HW_HAL_UART::DMAStartTransfer(void*, int)
 .text._ZN5RODOS11HW_HAL_UART15DMAStartReceiveEPvi
                0x080053e0       0x6c D:\SpaceMaster\1_Semester\Floatsat\Programming\Eclipse Luna SR1 121\Workspace\rodos\Debug_STM32F4\librodos.a(hal_uart.o)
                0x080053e0                RODOS::HW_HAL_UART::DMAStartReceive(void*, int)
 .text._ZN5RODOS11HW_HAL_UART26DMATransmitFinishedHandlerEv
                0x0800544c       0x88 D:\SpaceMaster\1_Semester\Floatsat\Programming\Eclipse Luna SR1 121\Workspace\rodos\Debug_STM32F4\librodos.a(hal_uart.o)
                0x0800544c                RODOS::HW_HAL_UART::DMATransmitFinishedHandler()
 .text._ZN5RODOS11HW_HAL_UART25DMAReceiveFinishedHandlerEv
                0x080054d4       0x6c D:\SpaceMaster\1_Semester\Floatsat\Programming\Eclipse Luna SR1 121\Workspace\rodos\Debug_STM32F4\librodos.a(hal_uart.o)
                0x080054d4                RODOS::HW_HAL_UART::DMAReceiveFinishedHandler()
 .text._ZN5RODOS11HW_HAL_UART16SendTxBufWithDMAEv
                0x08005540       0x44 D:\SpaceMaster\1_Semester\Floatsat\Programming\Eclipse Luna SR1 121\Workspace\rodos\Debug_STM32F4\librodos.a(hal_uart.o)
                0x08005540                RODOS::HW_HAL_UART::SendTxBufWithDMA()
 .text._ZN5RODOS11HW_HAL_UART22RceiveIntoRxBufWithDMAEv
                0x08005584       0x68 D:\SpaceMaster\1_Semester\Floatsat\Programming\Eclipse Luna SR1 121\Workspace\rodos\Debug_STM32F4\librodos.a(hal_uart.o)
                0x08005584                RODOS::HW_HAL_UART::RceiveIntoRxBufWithDMA()
 .text._ZN5RODOS14EnableDMAClockEv
                0x080055ec       0x34 D:\SpaceMaster\1_Semester\Floatsat\Programming\Eclipse Luna SR1 121\Workspace\rodos\Debug_STM32F4\librodos.a(hal_uart.o)
                0x080055ec                RODOS::EnableDMAClock()
 .text._ZN5RODOS11HW_HAL_UART14UARTIRQHandlerEv
                0x08005620      0x194 D:\SpaceMaster\1_Semester\Floatsat\Programming\Eclipse Luna SR1 121\Workspace\rodos\Debug_STM32F4\librodos.a(hal_uart.o)
                0x08005620                RODOS::HW_HAL_UART::UARTIRQHandler()
 .text._ZN5RODOS11HW_HAL_UART23getRCC_APBxPeriph_UARTxEv
                0x080057b4       0x74 D:\SpaceMaster\1_Semester\Floatsat\Programming\Eclipse Luna SR1 121\Workspace\rodos\Debug_STM32F4\librodos.a(hal_uart.o)
                0x080057b4                RODOS::HW_HAL_UART::getRCC_APBxPeriph_UARTx()
 .text._ZN5RODOS11HW_HAL_UART16getGPIO_AF_UARTxEv
                0x08005828       0x68 D:\SpaceMaster\1_Semester\Floatsat\Programming\Eclipse Luna SR1 121\Workspace\rodos\Debug_STM32F4\librodos.a(hal_uart.o)
                0x08005828                RODOS::HW_HAL_UART::getGPIO_AF_UARTx()
 .text._ZN5RODOS11HW_HAL_UART13getUARTx_IRQnEv
                0x08005890       0x58 D:\SpaceMaster\1_Semester\Floatsat\Programming\Eclipse Luna SR1 121\Workspace\rodos\Debug_STM32F4\librodos.a(hal_uart.o)
                0x08005890                RODOS::HW_HAL_UART::getUARTx_IRQn()
 .text._ZN5RODOS11HW_HAL_UART8getUARTxEv
                0x080058e8       0x88 D:\SpaceMaster\1_Semester\Floatsat\Programming\Eclipse Luna SR1 121\Workspace\rodos\Debug_STM32F4\librodos.a(hal_uart.o)
                0x080058e8                RODOS::HW_HAL_UART::getUARTx()
 .text._ZN5RODOS11HW_HAL_UART4initEj
                0x08005970       0xf0 D:\SpaceMaster\1_Semester\Floatsat\Programming\Eclipse Luna SR1 121\Workspace\rodos\Debug_STM32F4\librodos.a(hal_uart.o)
                0x08005970                RODOS::HW_HAL_UART::init(unsigned int)
 .text._ZN5RODOS4FifoIhLi256EED2Ev
                0x08005a60       0x30 D:\SpaceMaster\1_Semester\Floatsat\Programming\Eclipse Luna SR1 121\Workspace\rodos\Debug_STM32F4\librodos.a(hal_uart.o)
                0x08005a60                RODOS::Fifo<unsigned char, 256>::~Fifo()
                0x08005a60                RODOS::Fifo<unsigned char, 256>::~Fifo()
 .text._ZN5RODOS4FifoIhLi256EED0Ev
                0x08005a90       0x20 D:\SpaceMaster\1_Semester\Floatsat\Programming\Eclipse Luna SR1 121\Workspace\rodos\Debug_STM32F4\librodos.a(hal_uart.o)
                0x08005a90                RODOS::Fifo<unsigned char, 256>::~Fifo()
 .text._ZN5RODOS9BlockFifoIhLi256EEC2Ev
                0x08005ab0       0x24 D:\SpaceMaster\1_Semester\Floatsat\Programming\Eclipse Luna SR1 121\Workspace\rodos\Debug_STM32F4\librodos.a(hal_uart.o)
                0x08005ab0                RODOS::BlockFifo<unsigned char, 256>::BlockFifo()
                0x08005ab0                RODOS::BlockFifo<unsigned char, 256>::BlockFifo()
 .text._ZN5RODOS9BlockFifoIhLi256EE15getBufferToReadERi
                0x08005ad4       0x60 D:\SpaceMaster\1_Semester\Floatsat\Programming\Eclipse Luna SR1 121\Workspace\rodos\Debug_STM32F4\librodos.a(hal_uart.o)
                0x08005ad4                RODOS::BlockFifo<unsigned char, 256>::getBufferToRead(int&)
 .text._ZN5RODOS9BlockFifoIhLi256EE13readConcludedEi
                0x08005b34       0x28 D:\SpaceMaster\1_Semester\Floatsat\Programming\Eclipse Luna SR1 121\Workspace\rodos\Debug_STM32F4\librodos.a(hal_uart.o)
                0x08005b34                RODOS::BlockFifo<unsigned char, 256>::readConcluded(int)
 .text._ZN5RODOS9BlockFifoIhLi256EE16getBufferToWriteERi
                0x08005b5c       0x80 D:\SpaceMaster\1_Semester\Floatsat\Programming\Eclipse Luna SR1 121\Workspace\rodos\Debug_STM32F4\librodos.a(hal_uart.o)
                0x08005b5c                RODOS::BlockFifo<unsigned char, 256>::getBufferToWrite(int&)
 .text._ZN5RODOS9BlockFifoIhLi256EE14writeConcludedEi
                0x08005bdc       0x28 D:\SpaceMaster\1_Semester\Floatsat\Programming\Eclipse Luna SR1 121\Workspace\rodos\Debug_STM32F4\librodos.a(hal_uart.o)
                0x08005bdc                RODOS::BlockFifo<unsigned char, 256>::writeConcluded(int)
 .text._ZN5RODOS4FifoIhLi256EE3getERh
                0x08005c04       0x58 D:\SpaceMaster\1_Semester\Floatsat\Programming\Eclipse Luna SR1 121\Workspace\rodos\Debug_STM32F4\librodos.a(hal_uart.o)
                0x08005c04                RODOS::Fifo<unsigned char, 256>::get(unsigned char&)
 .text._ZN5RODOS4FifoIhLi256EE3putERKh
                0x08005c5c       0x58 D:\SpaceMaster\1_Semester\Floatsat\Programming\Eclipse Luna SR1 121\Workspace\rodos\Debug_STM32F4\librodos.a(hal_uart.o)
                0x08005c5c                RODOS::Fifo<unsigned char, 256>::put(unsigned char const&)
 .text._ZN5RODOS4FifoIhLi256EE15getElementCountEv
                0x08005cb4       0x40 D:\SpaceMaster\1_Semester\Floatsat\Programming\Eclipse Luna SR1 121\Workspace\rodos\Debug_STM32F4\librodos.a(hal_uart.o)
                0x08005cb4                RODOS::Fifo<unsigned char, 256>::getElementCount()
 .text._ZN5RODOS4FifoIhLi256EE7isEmptyEv
                0x08005cf4       0x2c D:\SpaceMaster\1_Semester\Floatsat\Programming\Eclipse Luna SR1 121\Workspace\rodos\Debug_STM32F4\librodos.a(hal_uart.o)
                0x08005cf4                RODOS::Fifo<unsigned char, 256>::isEmpty()
 .text._ZN5RODOS4FifoIhLi256EEC2Ev
                0x08005d20       0x34 D:\SpaceMaster\1_Semester\Floatsat\Programming\Eclipse Luna SR1 121\Workspace\rodos\Debug_STM32F4\librodos.a(hal_uart.o)
                0x08005d20                RODOS::Fifo<unsigned char, 256>::Fifo()
                0x08005d20                RODOS::Fifo<unsigned char, 256>::Fifo()
 .text._ZN5RODOS9BlockFifoIhLi256EE14advanceIndexExEii
                0x08005d54       0x34 D:\SpaceMaster\1_Semester\Floatsat\Programming\Eclipse Luna SR1 121\Workspace\rodos\Debug_STM32F4\librodos.a(hal_uart.o)
                0x08005d54                RODOS::BlockFifo<unsigned char, 256>::advanceIndexEx(int, int)
 .text._ZN5RODOS4FifoIhLi256EE12advanceIndexEi
                0x08005d88       0x24 D:\SpaceMaster\1_Semester\Floatsat\Programming\Eclipse Luna SR1 121\Workspace\rodos\Debug_STM32F4\librodos.a(hal_uart.o)
                0x08005d88                RODOS::Fifo<unsigned char, 256>::advanceIndex(int)
 .text._ZN5RODOS9BlockFifoIhLi256EED2Ev
                0x08005dac       0x30 D:\SpaceMaster\1_Semester\Floatsat\Programming\Eclipse Luna SR1 121\Workspace\rodos\Debug_STM32F4\librodos.a(hal_uart.o)
                0x08005dac                RODOS::BlockFifo<unsigned char, 256>::~BlockFifo()
                0x08005dac                RODOS::BlockFifo<unsigned char, 256>::~BlockFifo()
 .text._ZN5RODOS9BlockFifoIhLi256EED0Ev
                0x08005ddc       0x20 D:\SpaceMaster\1_Semester\Floatsat\Programming\Eclipse Luna SR1 121\Workspace\rodos\Debug_STM32F4\librodos.a(hal_uart.o)
                0x08005ddc                RODOS::BlockFifo<unsigned char, 256>::~BlockFifo()
 .text._ZN5RODOS14ReceiveTriggerD2Ev
                0x08005dfc       0x30 D:\SpaceMaster\1_Semester\Floatsat\Programming\Eclipse Luna SR1 121\Workspace\rodos\Debug_STM32F4\librodos.a(hal_uart.o)
                0x08005dfc                RODOS::ReceiveTrigger::~ReceiveTrigger()
                0x08005dfc                RODOS::ReceiveTrigger::~ReceiveTrigger()
 .text._ZN5RODOS14ReceiveTriggerD0Ev
                0x08005e2c       0x20 D:\SpaceMaster\1_Semester\Floatsat\Programming\Eclipse Luna SR1 121\Workspace\rodos\Debug_STM32F4\librodos.a(hal_uart.o)
                0x08005e2c                RODOS::ReceiveTrigger::~ReceiveTrigger()
 .text._ZN5RODOS11HW_HAL_UARTD2Ev
                0x08005e4c       0x28 D:\SpaceMaster\1_Semester\Floatsat\Programming\Eclipse Luna SR1 121\Workspace\rodos\Debug_STM32F4\librodos.a(hal_uart.o)
                0x08005e4c                RODOS::HW_HAL_UART::~HW_HAL_UART()
                0x08005e4c                RODOS::HW_HAL_UART::~HW_HAL_UART()
 .text.__tcf_0  0x08005e74       0x2c D:\SpaceMaster\1_Semester\Floatsat\Programming\Eclipse Luna SR1 121\Workspace\rodos\Debug_STM32F4\librodos.a(hal_uart.o)
 .text._Z41__static_initialization_and_destruction_0ii
                0x08005ea0       0x68 D:\SpaceMaster\1_Semester\Floatsat\Programming\Eclipse Luna SR1 121\Workspace\rodos\Debug_STM32F4\librodos.a(hal_uart.o)
 .text._ZN5RODOS4FifoIhLi256EE10putGenericEljPKvRKNS_10NetMsgInfoE
                0x08005f08       0x34 D:\SpaceMaster\1_Semester\Floatsat\Programming\Eclipse Luna SR1 121\Workspace\rodos\Debug_STM32F4\librodos.a(hal_uart.o)
                0x08005f08                RODOS::Fifo<unsigned char, 256>::putGeneric(long, unsigned int, void const*, RODOS::NetMsgInfo const&)
 .text._GLOBAL__sub_I__ZN5RODOS17UART_contextArrayE
                0x08005f3c       0x10 D:\SpaceMaster\1_Semester\Floatsat\Programming\Eclipse Luna SR1 121\Workspace\rodos\Debug_STM32F4\librodos.a(hal_uart.o)
 .text.DMA_Init
                0x08005f4c       0xac D:\SpaceMaster\1_Semester\Floatsat\Programming\Eclipse Luna SR1 121\Workspace\rodos\Debug_STM32F4\librodos.a(stm32f4xx_dma.o)
                0x08005f4c                DMA_Init
 .text.DMA_StructInit
                0x08005ff8       0x6c D:\SpaceMaster\1_Semester\Floatsat\Programming\Eclipse Luna SR1 121\Workspace\rodos\Debug_STM32F4\librodos.a(stm32f4xx_dma.o)
                0x08005ff8                DMA_StructInit
 .text.DMA_Cmd  0x08006064       0x38 D:\SpaceMaster\1_Semester\Floatsat\Programming\Eclipse Luna SR1 121\Workspace\rodos\Debug_STM32F4\librodos.a(stm32f4xx_dma.o)
                0x08006064                DMA_Cmd
 .text.DMA_GetCurrDataCounter
                0x0800609c       0x1c D:\SpaceMaster\1_Semester\Floatsat\Programming\Eclipse Luna SR1 121\Workspace\rodos\Debug_STM32F4\librodos.a(stm32f4xx_dma.o)
                0x0800609c                DMA_GetCurrDataCounter
 .text.DMA_GetCmdStatus
                0x080060b8       0x30 D:\SpaceMaster\1_Semester\Floatsat\Programming\Eclipse Luna SR1 121\Workspace\rodos\Debug_STM32F4\librodos.a(stm32f4xx_dma.o)
                0x080060b8                DMA_GetCmdStatus
 .text.DMA_GetFlagStatus
                0x080060e8       0x78 D:\SpaceMaster\1_Semester\Floatsat\Programming\Eclipse Luna SR1 121\Workspace\rodos\Debug_STM32F4\librodos.a(stm32f4xx_dma.o)
                0x080060e8                DMA_GetFlagStatus
 .text.DMA_ClearFlag
                0x08006160       0x5c D:\SpaceMaster\1_Semester\Floatsat\Programming\Eclipse Luna SR1 121\Workspace\rodos\Debug_STM32F4\librodos.a(stm32f4xx_dma.o)
                0x08006160                DMA_ClearFlag
 .text.DMA_ITConfig
                0x080061bc       0x74 D:\SpaceMaster\1_Semester\Floatsat\Programming\Eclipse Luna SR1 121\Workspace\rodos\Debug_STM32F4\librodos.a(stm32f4xx_dma.o)
                0x080061bc                DMA_ITConfig
 .text.DMA_GetITStatus
                0x08006230       0xb0 D:\SpaceMaster\1_Semester\Floatsat\Programming\Eclipse Luna SR1 121\Workspace\rodos\Debug_STM32F4\librodos.a(stm32f4xx_dma.o)
                0x08006230                DMA_GetITStatus
 .text.DMA_ClearITPendingBit
                0x080062e0       0x5c D:\SpaceMaster\1_Semester\Floatsat\Programming\Eclipse Luna SR1 121\Workspace\rodos\Debug_STM32F4\librodos.a(stm32f4xx_dma.o)
                0x080062e0                DMA_ClearITPendingBit
 .text.GPIO_Init
                0x0800633c      0x11c D:\SpaceMaster\1_Semester\Floatsat\Programming\Eclipse Luna SR1 121\Workspace\rodos\Debug_STM32F4\librodos.a(stm32f4xx_gpio.o)
                0x0800633c                GPIO_Init
 .text.GPIO_StructInit
                0x08006458       0x34 D:\SpaceMaster\1_Semester\Floatsat\Programming\Eclipse Luna SR1 121\Workspace\rodos\Debug_STM32F4\librodos.a(stm32f4xx_gpio.o)
                0x08006458                GPIO_StructInit
 .text.GPIO_ReadInputData
                0x0800648c       0x1c D:\SpaceMaster\1_Semester\Floatsat\Programming\Eclipse Luna SR1 121\Workspace\rodos\Debug_STM32F4\librodos.a(stm32f4xx_gpio.o)
                0x0800648c                GPIO_ReadInputData
 .text.GPIO_ReadOutputData
                0x080064a8       0x1c D:\SpaceMaster\1_Semester\Floatsat\Programming\Eclipse Luna SR1 121\Workspace\rodos\Debug_STM32F4\librodos.a(stm32f4xx_gpio.o)
                0x080064a8                GPIO_ReadOutputData
 .text.GPIO_Write
                0x080064c4       0x1c D:\SpaceMaster\1_Semester\Floatsat\Programming\Eclipse Luna SR1 121\Workspace\rodos\Debug_STM32F4\librodos.a(stm32f4xx_gpio.o)
                0x080064c4                GPIO_Write
 .text.GPIO_PinAFConfig
                0x080064e0       0x8c D:\SpaceMaster\1_Semester\Floatsat\Programming\Eclipse Luna SR1 121\Workspace\rodos\Debug_STM32F4\librodos.a(stm32f4xx_gpio.o)
                0x080064e0                GPIO_PinAFConfig
 .text.RCC_LSICmd
                0x0800656c       0x20 D:\SpaceMaster\1_Semester\Floatsat\Programming\Eclipse Luna SR1 121\Workspace\rodos\Debug_STM32F4\librodos.a(stm32f4xx_rcc.o)
                0x0800656c                RCC_LSICmd
 .text.RCC_GetClocksFreq
                0x0800658c      0x154 D:\SpaceMaster\1_Semester\Floatsat\Programming\Eclipse Luna SR1 121\Workspace\rodos\Debug_STM32F4\librodos.a(stm32f4xx_rcc.o)
                0x0800658c                RCC_GetClocksFreq
 .text.RCC_AHB1PeriphClockCmd
                0x080066e0       0x3c D:\SpaceMaster\1_Semester\Floatsat\Programming\Eclipse Luna SR1 121\Workspace\rodos\Debug_STM32F4\librodos.a(stm32f4xx_rcc.o)
                0x080066e0                RCC_AHB1PeriphClockCmd
 .text.RCC_APB1PeriphClockCmd
                0x0800671c       0x3c D:\SpaceMaster\1_Semester\Floatsat\Programming\Eclipse Luna SR1 121\Workspace\rodos\Debug_STM32F4\librodos.a(stm32f4xx_rcc.o)
                0x0800671c                RCC_APB1PeriphClockCmd
 .text.RCC_APB2PeriphClockCmd
                0x08006758       0x3c D:\SpaceMaster\1_Semester\Floatsat\Programming\Eclipse Luna SR1 121\Workspace\rodos\Debug_STM32F4\librodos.a(stm32f4xx_rcc.o)
                0x08006758                RCC_APB2PeriphClockCmd
 .text.RCC_AHB1PeriphResetCmd
                0x08006794       0x3c D:\SpaceMaster\1_Semester\Floatsat\Programming\Eclipse Luna SR1 121\Workspace\rodos\Debug_STM32F4\librodos.a(stm32f4xx_rcc.o)
                0x08006794                RCC_AHB1PeriphResetCmd
 .text.RCC_APB1PeriphResetCmd
                0x080067d0       0x3c D:\SpaceMaster\1_Semester\Floatsat\Programming\Eclipse Luna SR1 121\Workspace\rodos\Debug_STM32F4\librodos.a(stm32f4xx_rcc.o)
                0x080067d0                RCC_APB1PeriphResetCmd
 .text.RCC_APB2PeriphResetCmd
                0x0800680c       0x3c D:\SpaceMaster\1_Semester\Floatsat\Programming\Eclipse Luna SR1 121\Workspace\rodos\Debug_STM32F4\librodos.a(stm32f4xx_rcc.o)
                0x0800680c                RCC_APB2PeriphResetCmd
 .text.RCC_GetFlagStatus
                0x08006848       0x74 D:\SpaceMaster\1_Semester\Floatsat\Programming\Eclipse Luna SR1 121\Workspace\rodos\Debug_STM32F4\librodos.a(stm32f4xx_rcc.o)
                0x08006848                RCC_GetFlagStatus
 .text.SPI_Init
                0x080068bc       0x88 D:\SpaceMaster\1_Semester\Floatsat\Programming\Eclipse Luna SR1 121\Workspace\rodos\Debug_STM32F4\librodos.a(stm32f4xx_spi.o)
                0x080068bc                SPI_Init
 .text.SPI_Cmd  0x08006944       0x40 D:\SpaceMaster\1_Semester\Floatsat\Programming\Eclipse Luna SR1 121\Workspace\rodos\Debug_STM32F4\librodos.a(stm32f4xx_spi.o)
                0x08006944                SPI_Cmd
 .text.SPI_I2S_DMACmd
                0x08006984       0x48 D:\SpaceMaster\1_Semester\Floatsat\Programming\Eclipse Luna SR1 121\Workspace\rodos\Debug_STM32F4\librodos.a(stm32f4xx_spi.o)
                0x08006984                SPI_I2S_DMACmd
 .text.SYSCFG_EXTILineConfig
                0x080069cc       0x7c D:\SpaceMaster\1_Semester\Floatsat\Programming\Eclipse Luna SR1 121\Workspace\rodos\Debug_STM32F4\librodos.a(stm32f4xx_syscfg.o)
                0x080069cc                SYSCFG_EXTILineConfig
 .text.USART_DeInit
                0x08006a48      0x114 D:\SpaceMaster\1_Semester\Floatsat\Programming\Eclipse Luna SR1 121\Workspace\rodos\Debug_STM32F4\librodos.a(stm32f4xx_usart.o)
                0x08006a48                USART_DeInit
 .text.USART_Init
                0x08006b5c      0x174 D:\SpaceMaster\1_Semester\Floatsat\Programming\Eclipse Luna SR1 121\Workspace\rodos\Debug_STM32F4\librodos.a(stm32f4xx_usart.o)
                0x08006b5c                USART_Init
 .text.USART_StructInit
                0x08006cd0       0x38 D:\SpaceMaster\1_Semester\Floatsat\Programming\Eclipse Luna SR1 121\Workspace\rodos\Debug_STM32F4\librodos.a(stm32f4xx_usart.o)
                0x08006cd0                USART_StructInit
 .text.USART_Cmd
                0x08006d08       0x40 D:\SpaceMaster\1_Semester\Floatsat\Programming\Eclipse Luna SR1 121\Workspace\rodos\Debug_STM32F4\librodos.a(stm32f4xx_usart.o)
                0x08006d08                USART_Cmd
 .text.USART_ReceiveData
                0x08006d48       0x20 D:\SpaceMaster\1_Semester\Floatsat\Programming\Eclipse Luna SR1 121\Workspace\rodos\Debug_STM32F4\librodos.a(stm32f4xx_usart.o)
                0x08006d48                USART_ReceiveData
 .text.USART_DMACmd
                0x08006d68       0x48 D:\SpaceMaster\1_Semester\Floatsat\Programming\Eclipse Luna SR1 121\Workspace\rodos\Debug_STM32F4\librodos.a(stm32f4xx_usart.o)
                0x08006d68                USART_DMACmd
 .text.USART_ITConfig
                0x08006db0       0x90 D:\SpaceMaster\1_Semester\Floatsat\Programming\Eclipse Luna SR1 121\Workspace\rodos\Debug_STM32F4\librodos.a(stm32f4xx_usart.o)
                0x08006db0                USART_ITConfig
 .text.USART_GetFlagStatus
                0x08006e40       0x38 D:\SpaceMaster\1_Semester\Floatsat\Programming\Eclipse Luna SR1 121\Workspace\rodos\Debug_STM32F4\librodos.a(stm32f4xx_usart.o)
                0x08006e40                USART_GetFlagStatus
 .text.USART_GetITStatus
                0x08006e78       0xb0 D:\SpaceMaster\1_Semester\Floatsat\Programming\Eclipse Luna SR1 121\Workspace\rodos\Debug_STM32F4\librodos.a(stm32f4xx_usart.o)
                0x08006e78                USART_GetITStatus
 .text.NVIC_SetPriority
                0x08006f28       0x54 D:\SpaceMaster\1_Semester\Floatsat\Programming\Eclipse Luna SR1 121\Workspace\rodos\Debug_STM32F4\librodos.a(hw_specific.o)
 .text._ZN5RODOS6hwInitEv
                0x08006f7c       0x80 D:\SpaceMaster\1_Semester\Floatsat\Programming\Eclipse Luna SR1 121\Workspace\rodos\Debug_STM32F4\librodos.a(hw_specific.o)
                0x08006f7c                RODOS::hwInit()
 .text._ZN5RODOS19hwDisableInterruptsEv
                0x08006ffc       0x10 D:\SpaceMaster\1_Semester\Floatsat\Programming\Eclipse Luna SR1 121\Workspace\rodos\Debug_STM32F4\librodos.a(hw_specific.o)
                0x08006ffc                RODOS::hwDisableInterrupts()
 .text._ZN5RODOS18hwEnableInterruptsEv
                0x0800700c       0x10 D:\SpaceMaster\1_Semester\Floatsat\Programming\Eclipse Luna SR1 121\Workspace\rodos\Debug_STM32F4\librodos.a(hw_specific.o)
                0x0800700c                RODOS::hwEnableInterrupts()
 .text._ZN5RODOS13hwInitContextEPlPv
                0x0800701c       0x64 D:\SpaceMaster\1_Semester\Floatsat\Programming\Eclipse Luna SR1 121\Workspace\rodos\Debug_STM32F4\librodos.a(hw_specific.o)
                0x0800701c                RODOS::hwInitContext(long*, void*)
 .text._ZN5RODOS15startIdleThreadEv
                0x08007080       0x14 D:\SpaceMaster\1_Semester\Floatsat\Programming\Eclipse Luna SR1 121\Workspace\rodos\Debug_STM32F4\librodos.a(hw_specific.o)
                0x08007080                RODOS::startIdleThread()
 .text.SVC_Handler
                0x08007094       0x14 D:\SpaceMaster\1_Semester\Floatsat\Programming\Eclipse Luna SR1 121\Workspace\rodos\Debug_STM32F4\librodos.a(hw_specific.o)
                0x08007094                SVC_Handler
 .text.PendSV_Handler
                0x080070a8       0x38 D:\SpaceMaster\1_Semester\Floatsat\Programming\Eclipse Luna SR1 121\Workspace\rodos\Debug_STM32F4\librodos.a(hw_specific.o)
                0x080070a8                PendSV_Handler
 .text.__asmSwitchToContext
                0x080070e0       0x1c D:\SpaceMaster\1_Semester\Floatsat\Programming\Eclipse Luna SR1 121\Workspace\rodos\Debug_STM32F4\librodos.a(hw_specific.o)
                0x080070e0                __asmSwitchToContext
 .text.__asmSaveContextAndCallScheduler
                0x080070fc       0x1c D:\SpaceMaster\1_Semester\Floatsat\Programming\Eclipse Luna SR1 121\Workspace\rodos\Debug_STM32F4\librodos.a(hw_specific.o)
                0x080070fc                __asmSaveContextAndCallScheduler
 .text.TIM5_ISR4LSI
                0x08007118       0x7c D:\SpaceMaster\1_Semester\Floatsat\Programming\Eclipse Luna SR1 121\Workspace\rodos\Debug_STM32F4\librodos.a(hw_specific.o)
                0x08007118                TIM5_ISR4LSI
 .text.TIM5_ISR_USER
                0x08007194        0xc D:\SpaceMaster\1_Semester\Floatsat\Programming\Eclipse Luna SR1 121\Workspace\rodos\Debug_STM32F4\librodos.a(hw_specific.o)
                0x08007194                TIM5_ISR_USER
 .text.TIM5_IRQHandler
                0x080071a0       0x1c D:\SpaceMaster\1_Semester\Floatsat\Programming\Eclipse Luna SR1 121\Workspace\rodos\Debug_STM32F4\librodos.a(hw_specific.o)
                0x080071a0                TIM5_IRQHandler
 .text._ZN5RODOSL15GetLSIFrequencyEv
                0x080071bc      0x124 D:\SpaceMaster\1_Semester\Floatsat\Programming\Eclipse Luna SR1 121\Workspace\rodos\Debug_STM32F4\librodos.a(hw_specific.o)
 .text._Z41__static_initialization_and_destruction_0ii
                0x080072e0       0x3c D:\SpaceMaster\1_Semester\Floatsat\Programming\Eclipse Luna SR1 121\Workspace\rodos\Debug_STM32F4\librodos.a(hw_specific.o)
 .text._GLOBAL__sub_I_contextT
                0x0800731c       0x10 D:\SpaceMaster\1_Semester\Floatsat\Programming\Eclipse Luna SR1 121\Workspace\rodos\Debug_STM32F4\librodos.a(hw_specific.o)
 .text.NVIC_EnableIRQ
                0x0800732c       0x30 D:\SpaceMaster\1_Semester\Floatsat\Programming\Eclipse Luna SR1 121\Workspace\rodos\Debug_STM32F4\librodos.a(hw_timer.o)
 .text.NVIC_ClearPendingIRQ
                0x0800735c       0x34 D:\SpaceMaster\1_Semester\Floatsat\Programming\Eclipse Luna SR1 121\Workspace\rodos\Debug_STM32F4\librodos.a(hw_timer.o)
 .text.NVIC_SetPriority
                0x08007390       0x54 D:\SpaceMaster\1_Semester\Floatsat\Programming\Eclipse Luna SR1 121\Workspace\rodos\Debug_STM32F4\librodos.a(hw_timer.o)
 .text.SysTick_Handler
                0x080073e4       0x64 D:\SpaceMaster\1_Semester\Floatsat\Programming\Eclipse Luna SR1 121\Workspace\rodos\Debug_STM32F4\librodos.a(hw_timer.o)
                0x080073e4                SysTick_Handler
 .text.SysTick_Config_New
                0x08007448       0x40 D:\SpaceMaster\1_Semester\Floatsat\Programming\Eclipse Luna SR1 121\Workspace\rodos\Debug_STM32F4\librodos.a(hw_timer.o)
 .text.SysTick_Enable
                0x08007488       0x1c D:\SpaceMaster\1_Semester\Floatsat\Programming\Eclipse Luna SR1 121\Workspace\rodos\Debug_STM32F4\librodos.a(hw_timer.o)
 .text.SysTick_Disable
                0x080074a4       0x1c D:\SpaceMaster\1_Semester\Floatsat\Programming\Eclipse Luna SR1 121\Workspace\rodos\Debug_STM32F4\librodos.a(hw_timer.o)
 .text._ZN5RODOS5Timer4initEv
                0x080074c0       0x50 D:\SpaceMaster\1_Semester\Floatsat\Programming\Eclipse Luna SR1 121\Workspace\rodos\Debug_STM32F4\librodos.a(hw_timer.o)
                0x080074c0                RODOS::Timer::init()
 .text._ZN5RODOS5Timer5startEv
                0x08007510       0x54 D:\SpaceMaster\1_Semester\Floatsat\Programming\Eclipse Luna SR1 121\Workspace\rodos\Debug_STM32F4\librodos.a(hw_timer.o)
                0x08007510                RODOS::Timer::start()
 .text._ZN5RODOS5Timer4stopEv
                0x08007564        0xc D:\SpaceMaster\1_Semester\Floatsat\Programming\Eclipse Luna SR1 121\Workspace\rodos\Debug_STM32F4\librodos.a(hw_timer.o)
                0x08007564                RODOS::Timer::stop()
 .text._ZN5RODOS5Timer11setIntervalEx
                0x08007570       0x24 D:\SpaceMaster\1_Semester\Floatsat\Programming\Eclipse Luna SR1 121\Workspace\rodos\Debug_STM32F4\librodos.a(hw_timer.o)
                0x08007570                RODOS::Timer::setInterval(long long)
 .text.TIM1_TRG_COM_TIM11_IRQHandler
                0x08007594       0x38 D:\SpaceMaster\1_Semester\Floatsat\Programming\Eclipse Luna SR1 121\Workspace\rodos\Debug_STM32F4\librodos.a(hw_timer.o)
                0x08007594                TIM1_TRG_COM_TIM11_IRQHandler
 .text._ZN5RODOS9TIMx_initEv
                0x080075cc       0xb0 D:\SpaceMaster\1_Semester\Floatsat\Programming\Eclipse Luna SR1 121\Workspace\rodos\Debug_STM32F4\librodos.a(hw_timer.o)
                0x080075cc                RODOS::TIMx_init()
 *fill*         0x0800767c        0x4 
 .text._ZN5RODOS16hwGetNanosecondsEv
                0x08007680       0xc8 D:\SpaceMaster\1_Semester\Floatsat\Programming\Eclipse Luna SR1 121\Workspace\rodos\Debug_STM32F4\librodos.a(hw_timer.o)
                0x08007680                RODOS::hwGetNanoseconds()
 .text._ZN5RODOS10hwInitTimeEv
                0x08007748       0x20 D:\SpaceMaster\1_Semester\Floatsat\Programming\Eclipse Luna SR1 121\Workspace\rodos\Debug_STM32F4\librodos.a(hw_timer.o)
                0x08007748                RODOS::hwInitTime()
 .text.NMI_Handler
                0x08007768        0x8 D:\SpaceMaster\1_Semester\Floatsat\Programming\Eclipse Luna SR1 121\Workspace\rodos\Debug_STM32F4\librodos.a(stm32xxx_it.o)
                0x08007768                NMI_Handler
 .text.HardFault_Handler
                0x08007770       0x24 D:\SpaceMaster\1_Semester\Floatsat\Programming\Eclipse Luna SR1 121\Workspace\rodos\Debug_STM32F4\librodos.a(stm32xxx_it.o)
                0x08007770                HardFault_Handler
 .text.MemManage_Handler
                0x08007794        0x8 D:\SpaceMaster\1_Semester\Floatsat\Programming\Eclipse Luna SR1 121\Workspace\rodos\Debug_STM32F4\librodos.a(stm32xxx_it.o)
                0x08007794                MemManage_Handler
 .text.BusFault_Handler
                0x0800779c        0x8 D:\SpaceMaster\1_Semester\Floatsat\Programming\Eclipse Luna SR1 121\Workspace\rodos\Debug_STM32F4\librodos.a(stm32xxx_it.o)
                0x0800779c                BusFault_Handler
 .text.UsageFault_Handler
                0x080077a4        0x8 D:\SpaceMaster\1_Semester\Floatsat\Programming\Eclipse Luna SR1 121\Workspace\rodos\Debug_STM32F4\librodos.a(stm32xxx_it.o)
                0x080077a4                UsageFault_Handler
 .text.WWDG_IRQHandlerFunc
                0x080077ac        0x8 D:\SpaceMaster\1_Semester\Floatsat\Programming\Eclipse Luna SR1 121\Workspace\rodos\Debug_STM32F4\librodos.a(stm32xxx_it.o)
                0x080077ac                WWDG_IRQHandlerFunc
 .text._sbrk    0x080077b4       0x70 D:\SpaceMaster\1_Semester\Floatsat\Programming\Eclipse Luna SR1 121\Workspace\rodos\Debug_STM32F4\librodos.a(syscalls.o)
                0x080077b4                _sbrk
 .text._sbrk_r  0x08007824       0x1c D:\SpaceMaster\1_Semester\Floatsat\Programming\Eclipse Luna SR1 121\Workspace\rodos\Debug_STM32F4\librodos.a(syscalls.o)
                0x08007824                _sbrk_r
 .text.putchar  0x08007840       0x78 D:\SpaceMaster\1_Semester\Floatsat\Programming\Eclipse Luna SR1 121\Workspace\rodos\Debug_STM32F4\librodos.a(syscalls.o)
                0x08007840                putchar
 .text._ZN5RODOS18sp_partition_yieldEv
                0x080078b8        0xc D:\SpaceMaster\1_Semester\Floatsat\Programming\Eclipse Luna SR1 121\Workspace\rodos\Debug_STM32F4\librodos.a(syscalls.o)
                0x080078b8                RODOS::sp_partition_yield()
 .text._ZN5RODOS6FFLUSHEv
                0x080078c4        0xc D:\SpaceMaster\1_Semester\Floatsat\Programming\Eclipse Luna SR1 121\Workspace\rodos\Debug_STM32F4\librodos.a(syscalls.o)
                0x080078c4                RODOS::FFLUSH()
 .text.SystemInit
                0x080078d0       0x78 D:\SpaceMaster\1_Semester\Floatsat\Programming\Eclipse Luna SR1 121\Workspace\rodos\Debug_STM32F4\librodos.a(system_stm32f4xx.o)
                0x080078d0                SystemInit
 .text.SystemCoreClockUpdate
                0x08007948       0xf8 D:\SpaceMaster\1_Semester\Floatsat\Programming\Eclipse Luna SR1 121\Workspace\rodos\Debug_STM32F4\librodos.a(system_stm32f4xx.o)
                0x08007948                SystemCoreClockUpdate
 .text.SetSysClock
                0x08007a40      0x1c8 D:\SpaceMaster\1_Semester\Floatsat\Programming\Eclipse Luna SR1 121\Workspace\rodos\Debug_STM32F4\librodos.a(system_stm32f4xx.o)
 .text.schedulerWrapper
                0x08007c08       0x20 D:\SpaceMaster\1_Semester\Floatsat\Programming\Eclipse Luna SR1 121\Workspace\rodos\Debug_STM32F4\librodos.a(scheduler.o)
                0x08007c08                schedulerWrapper
 .text._ZN5RODOS9Scheduler4idleEv
                0x08007c28       0x40 D:\SpaceMaster\1_Semester\Floatsat\Programming\Eclipse Luna SR1 121\Workspace\rodos\Debug_STM32F4\librodos.a(scheduler.o)
                0x08007c28                RODOS::Scheduler::idle()
 .text._ZN5RODOS9Scheduler8scheduleEv
                0x08007c68       0x84 D:\SpaceMaster\1_Semester\Floatsat\Programming\Eclipse Luna SR1 121\Workspace\rodos\Debug_STM32F4\librodos.a(scheduler.o)
                0x08007c68                RODOS::Scheduler::schedule()
 .text._ZN5RODOS9Scheduler18isSchedulerRunningEv
                0x08007cec       0x20 D:\SpaceMaster\1_Semester\Floatsat\Programming\Eclipse Luna SR1 121\Workspace\rodos\Debug_STM32F4\librodos.a(scheduler.o)
                0x08007cec                RODOS::Scheduler::isSchedulerRunning()
 .text._Z41__static_initialization_and_destruction_0ii
                0x08007d0c       0x3c D:\SpaceMaster\1_Semester\Floatsat\Programming\Eclipse Luna SR1 121\Workspace\rodos\Debug_STM32F4\librodos.a(scheduler.o)
 .text._GLOBAL__sub_I___schedulerStack__
                0x08007d48       0x10 D:\SpaceMaster\1_Semester\Floatsat\Programming\Eclipse Luna SR1 121\Workspace\rodos\Debug_STM32F4\librodos.a(scheduler.o)
 .text._ZN5RODOS9SemaphoreC2Ev
                0x08007d58       0x30 D:\SpaceMaster\1_Semester\Floatsat\Programming\Eclipse Luna SR1 121\Workspace\rodos\Debug_STM32F4\librodos.a(semaphore.o)
                0x08007d58                RODOS::Semaphore::Semaphore()
                0x08007d58                RODOS::Semaphore::Semaphore()
 .text._ZN5RODOS9Semaphore5enterEv
                0x08007d88       0xbc D:\SpaceMaster\1_Semester\Floatsat\Programming\Eclipse Luna SR1 121\Workspace\rodos\Debug_STM32F4\librodos.a(semaphore.o)
                0x08007d88                RODOS::Semaphore::enter()
 .text._ZN5RODOS9Semaphore5leaveEv
                0x08007e44       0x9c D:\SpaceMaster\1_Semester\Floatsat\Programming\Eclipse Luna SR1 121\Workspace\rodos\Debug_STM32F4\librodos.a(semaphore.o)
                0x08007e44                RODOS::Semaphore::leave()
 .text._ZN5RODOS6ThreadC2EPKcll
                0x08007ee0       0xdc D:\SpaceMaster\1_Semester\Floatsat\Programming\Eclipse Luna SR1 121\Workspace\rodos\Debug_STM32F4\librodos.a(thread_on_hw.o)
                0x08007ee0                RODOS::Thread::Thread(char const*, long, long)
                0x08007ee0                RODOS::Thread::Thread(char const*, long, long)
 .text._ZN5RODOS6ThreadD2Ev
                0x08007fbc       0x54 D:\SpaceMaster\1_Semester\Floatsat\Programming\Eclipse Luna SR1 121\Workspace\rodos\Debug_STM32F4\librodos.a(thread_on_hw.o)
                0x08007fbc                RODOS::Thread::~Thread()
                0x08007fbc                RODOS::Thread::~Thread()
 .text._ZN5RODOS6ThreadD0Ev
                0x08008010       0x20 D:\SpaceMaster\1_Semester\Floatsat\Programming\Eclipse Luna SR1 121\Workspace\rodos\Debug_STM32F4\librodos.a(thread_on_hw.o)
                0x08008010                RODOS::Thread::~Thread()
 .text._ZN5RODOS6Thread6createEv
                0x08008030       0x14 D:\SpaceMaster\1_Semester\Floatsat\Programming\Eclipse Luna SR1 121\Workspace\rodos\Debug_STM32F4\librodos.a(thread_on_hw.o)
                0x08008030                RODOS::Thread::create()
 .text._ZN5RODOS6Thread5yieldEv
                0x08008044       0x6c D:\SpaceMaster\1_Semester\Floatsat\Programming\Eclipse Luna SR1 121\Workspace\rodos\Debug_STM32F4\librodos.a(thread_on_hw.o)
                0x08008044                RODOS::Thread::yield()
 .text._ZN5RODOS6Thread8activateEv
                0x080080b0       0x4c D:\SpaceMaster\1_Semester\Floatsat\Programming\Eclipse Luna SR1 121\Workspace\rodos\Debug_STM32F4\librodos.a(thread_on_hw.o)
                0x080080b0                RODOS::Thread::activate()
 .text._ZNK5RODOS6Thread11getPriorityEv
                0x080080fc       0x18 D:\SpaceMaster\1_Semester\Floatsat\Programming\Eclipse Luna SR1 121\Workspace\rodos\Debug_STM32F4\librodos.a(thread_on_hw.o)
                0x080080fc                RODOS::Thread::getPriority() const
 .text._ZN5RODOS6Thread11setPriorityEl
                0x08008114       0x1c D:\SpaceMaster\1_Semester\Floatsat\Programming\Eclipse Luna SR1 121\Workspace\rodos\Debug_STM32F4\librodos.a(thread_on_hw.o)
                0x08008114                RODOS::Thread::setPriority(long)
 .text._ZN5RODOS6Thread16getCurrentThreadEv
                0x08008130       0x18 D:\SpaceMaster\1_Semester\Floatsat\Programming\Eclipse Luna SR1 121\Workspace\rodos\Debug_STM32F4\librodos.a(thread_on_hw.o)
                0x08008130                RODOS::Thread::getCurrentThread()
 .text._ZN5RODOS6Thread6resumeEv
                0x08008148       0x38 D:\SpaceMaster\1_Semester\Floatsat\Programming\Eclipse Luna SR1 121\Workspace\rodos\Debug_STM32F4\librodos.a(thread_on_hw.o)
                0x08008148                RODOS::Thread::resume()
 .text._ZN5RODOS6Thread18suspendCallerUntilExPv
                0x08008180       0x74 D:\SpaceMaster\1_Semester\Floatsat\Programming\Eclipse Luna SR1 121\Workspace\rodos\Debug_STM32F4\librodos.a(thread_on_hw.o)
                0x08008180                RODOS::Thread::suspendCallerUntil(long long, void*)
 .text._ZN5RODOS6Thread17initializeThreadsEv
                0x080081f4       0xd0 D:\SpaceMaster\1_Semester\Floatsat\Programming\Eclipse Luna SR1 121\Workspace\rodos\Debug_STM32F4\librodos.a(thread_on_hw.o)
                0x080081f4                RODOS::Thread::initializeThreads()
 .text._ZN5RODOS20threadStartupWrapperEPNS_6ThreadE
                0x080082c4       0x40 D:\SpaceMaster\1_Semester\Floatsat\Programming\Eclipse Luna SR1 121\Workspace\rodos\Debug_STM32F4\librodos.a(thread_on_hw.o)
                0x080082c4                RODOS::threadStartupWrapper(RODOS::Thread*)